###############################################################################
#
# IAR ELF Linker V8.11.3.13950/W32 for ARM                11/Nov/2019  16:04:39
# Copyright 2007-2017 IAR Systems AB.
#
#    Output file  =  
#        D:\LH01\DeviceMainControlBoard_V2.0\Data\MAIN_BOARD_Vxx.xx_H200.out
#    Map file     =  
#        D:\LH01\DeviceMainControlBoard_V2.0\Code\Project\ProjectFiles\Release\List\MAIN_BOARD_Vxx.xx_H200.map
#    Command line =  
#        -f C:\Users\86180\AppData\Local\Temp\EW624D.tmp
#        (D:\LH01\DeviceMainControlBoard_V2.0\Code\Project\ProjectFiles\Release\Obj\ActionCupStackManagement.o
#        D:\LH01\DeviceMainControlBoard_V2.0\Code\Project\ProjectFiles\Release\Obj\ActionDishReactionAndMixReagent.o
#        D:\LH01\DeviceMainControlBoard_V2.0\Code\Project\ProjectFiles\Release\Obj\ActionDishReagent.o
#        D:\LH01\DeviceMainControlBoard_V2.0\Code\Project\ProjectFiles\Release\Obj\ActionDishWashAndMixLiquidA.o
#        D:\LH01\DeviceMainControlBoard_V2.0\Code\Project\ProjectFiles\Release\Obj\ActionHandCup.o
#        D:\LH01\DeviceMainControlBoard_V2.0\Code\Project\ProjectFiles\Release\Obj\ActionLiquidInjectA.o
#        D:\LH01\DeviceMainControlBoard_V2.0\Code\Project\ProjectFiles\Release\Obj\ActionMeasureRoomAndLiquidB.o
#        D:\LH01\DeviceMainControlBoard_V2.0\Code\Project\ProjectFiles\Release\Obj\ActionMixBead.o
#        D:\LH01\DeviceMainControlBoard_V2.0\Code\Project\ProjectFiles\Release\Obj\ActionNeedleReagentAndBead.o
#        D:\LH01\DeviceMainControlBoard_V2.0\Code\Project\ProjectFiles\Release\Obj\ActionNeedleSample.o
#        D:\LH01\DeviceMainControlBoard_V2.0\Code\Project\ProjectFiles\Release\Obj\ActionNeedleWash.o
#        D:\LH01\DeviceMainControlBoard_V2.0\Code\Project\ProjectFiles\Release\Obj\ActionQRScan.o
#        D:\LH01\DeviceMainControlBoard_V2.0\Code\Project\ProjectFiles\Release\Obj\ActionRankPathWay.o
#        D:\LH01\DeviceMainControlBoard_V2.0\Code\Project\ProjectFiles\Release\Obj\ActionTemperatureControl.o
#        D:\LH01\DeviceMainControlBoard_V2.0\Code\Project\ProjectFiles\Release\Obj\ADT_CircleByteQueue.o
#        D:\LH01\DeviceMainControlBoard_V2.0\Code\Project\ProjectFiles\Release\Obj\BoardBeep.o
#        D:\LH01\DeviceMainControlBoard_V2.0\Code\Project\ProjectFiles\Release\Obj\BoardInOut.o
#        D:\LH01\DeviceMainControlBoard_V2.0\Code\Project\ProjectFiles\Release\Obj\BoardInOutConfig.o
#        D:\LH01\DeviceMainControlBoard_V2.0\Code\Project\ProjectFiles\Release\Obj\BoardIS62.o
#        D:\LH01\DeviceMainControlBoard_V2.0\Code\Project\ProjectFiles\Release\Obj\BoardLed.o
#        D:\LH01\DeviceMainControlBoard_V2.0\Code\Project\ProjectFiles\Release\Obj\BoardMB85RS2MT.o
#        D:\LH01\DeviceMainControlBoard_V2.0\Code\Project\ProjectFiles\Release\Obj\BoardPressure.o
#        D:\LH01\DeviceMainControlBoard_V2.0\Code\Project\ProjectFiles\Release\Obj\BoardRS.o
#        D:\LH01\DeviceMainControlBoard_V2.0\Code\Project\ProjectFiles\Release\Obj\BoardSDCard.o
#        D:\LH01\DeviceMainControlBoard_V2.0\Code\Project\ProjectFiles\Release\Obj\bsp_user.o
#        D:\LH01\DeviceMainControlBoard_V2.0\Code\Project\ProjectFiles\Release\Obj\Can2ProcMain.o
#        D:\LH01\DeviceMainControlBoard_V2.0\Code\Project\ProjectFiles\Release\Obj\Can2ProcUtil.o
#        D:\LH01\DeviceMainControlBoard_V2.0\Code\Project\ProjectFiles\Release\Obj\Can2SubInputRead.o
#        D:\LH01\DeviceMainControlBoard_V2.0\Code\Project\ProjectFiles\Release\Obj\Can2SubNeedleReagentLiquidDetect.o
#        D:\LH01\DeviceMainControlBoard_V2.0\Code\Project\ProjectFiles\Release\Obj\Can2SubNeedleSampleLiquidDetect.o
#        D:\LH01\DeviceMainControlBoard_V2.0\Code\Project\ProjectFiles\Release\Obj\Can2SubOtherUtil.o
#        D:\LH01\DeviceMainControlBoard_V2.0\Code\Project\ProjectFiles\Release\Obj\Can2SubOutputWrite.o
#        D:\LH01\DeviceMainControlBoard_V2.0\Code\Project\ProjectFiles\Release\Obj\Can2SubParam.o
#        D:\LH01\DeviceMainControlBoard_V2.0\Code\Project\ProjectFiles\Release\Obj\Can2SubPhotonCount.o
#        D:\LH01\DeviceMainControlBoard_V2.0\Code\Project\ProjectFiles\Release\Obj\Can2SubSerial.o
#        D:\LH01\DeviceMainControlBoard_V2.0\Code\Project\ProjectFiles\Release\Obj\Can2SubStepMotor.o
#        D:\LH01\DeviceMainControlBoard_V2.0\Code\Project\ProjectFiles\Release\Obj\CoreDelay.o
#        D:\LH01\DeviceMainControlBoard_V2.0\Code\Project\ProjectFiles\Release\Obj\CoreUtil.o
#        D:\LH01\DeviceMainControlBoard_V2.0\Code\Project\ProjectFiles\Release\Obj\cpu_a.o
#        D:\LH01\DeviceMainControlBoard_V2.0\Code\Project\ProjectFiles\Release\Obj\cpu_c.o
#        D:\LH01\DeviceMainControlBoard_V2.0\Code\Project\ProjectFiles\Release\Obj\cpu_core.o
#        D:\LH01\DeviceMainControlBoard_V2.0\Code\Project\ProjectFiles\Release\Obj\lib_ascii.o
#        D:\LH01\DeviceMainControlBoard_V2.0\Code\Project\ProjectFiles\Release\Obj\lib_math.o
#        D:\LH01\DeviceMainControlBoard_V2.0\Code\Project\ProjectFiles\Release\Obj\lib_mem.o
#        D:\LH01\DeviceMainControlBoard_V2.0\Code\Project\ProjectFiles\Release\Obj\lib_str.o
#        D:\LH01\DeviceMainControlBoard_V2.0\Code\Project\ProjectFiles\Release\Obj\MCU_ADC.o
#        D:\LH01\DeviceMainControlBoard_V2.0\Code\Project\ProjectFiles\Release\Obj\MCU_Can.o
#        D:\LH01\DeviceMainControlBoard_V2.0\Code\Project\ProjectFiles\Release\Obj\MCU_internalFlash.o
#        D:\LH01\DeviceMainControlBoard_V2.0\Code\Project\ProjectFiles\Release\Obj\MCU_Port.o
#        D:\LH01\DeviceMainControlBoard_V2.0\Code\Project\ProjectFiles\Release\Obj\MCU_Random.o
#        D:\LH01\DeviceMainControlBoard_V2.0\Code\Project\ProjectFiles\Release\Obj\MCU_SDIO.o
#        D:\LH01\DeviceMainControlBoard_V2.0\Code\Project\ProjectFiles\Release\Obj\MCU_SPI.o
#        D:\LH01\DeviceMainControlBoard_V2.0\Code\Project\ProjectFiles\Release\Obj\MCU_Timer.o
#        D:\LH01\DeviceMainControlBoard_V2.0\Code\Project\ProjectFiles\Release\Obj\MCU_Uart1.o
#        D:\LH01\DeviceMainControlBoard_V2.0\Code\Project\ProjectFiles\Release\Obj\MCU_Uart2.o
#        D:\LH01\DeviceMainControlBoard_V2.0\Code\Project\ProjectFiles\Release\Obj\MCU_Uart3.o
#        D:\LH01\DeviceMainControlBoard_V2.0\Code\Project\ProjectFiles\Release\Obj\MCU_Uart6.o
#        D:\LH01\DeviceMainControlBoard_V2.0\Code\Project\ProjectFiles\Release\Obj\MCU_WDG.o
#        D:\LH01\DeviceMainControlBoard_V2.0\Code\Project\ProjectFiles\Release\Obj\misc.o
#        D:\LH01\DeviceMainControlBoard_V2.0\Code\Project\ProjectFiles\Release\Obj\os_app_hooks.o
#        D:\LH01\DeviceMainControlBoard_V2.0\Code\Project\ProjectFiles\Release\Obj\os_cfg_app.o
#        D:\LH01\DeviceMainControlBoard_V2.0\Code\Project\ProjectFiles\Release\Obj\os_core.o
#        D:\LH01\DeviceMainControlBoard_V2.0\Code\Project\ProjectFiles\Release\Obj\os_cpu_a.o
#        D:\LH01\DeviceMainControlBoard_V2.0\Code\Project\ProjectFiles\Release\Obj\os_cpu_c.o
#        D:\LH01\DeviceMainControlBoard_V2.0\Code\Project\ProjectFiles\Release\Obj\os_dbg.o
#        D:\LH01\DeviceMainControlBoard_V2.0\Code\Project\ProjectFiles\Release\Obj\os_flag.o
#        D:\LH01\DeviceMainControlBoard_V2.0\Code\Project\ProjectFiles\Release\Obj\os_mem.o
#        D:\LH01\DeviceMainControlBoard_V2.0\Code\Project\ProjectFiles\Release\Obj\os_msg.o
#        D:\LH01\DeviceMainControlBoard_V2.0\Code\Project\ProjectFiles\Release\Obj\os_mutex.o
#        D:\LH01\DeviceMainControlBoard_V2.0\Code\Project\ProjectFiles\Release\Obj\os_prio.o
#        D:\LH01\DeviceMainControlBoard_V2.0\Code\Project\ProjectFiles\Release\Obj\os_q.o
#        D:\LH01\DeviceMainControlBoard_V2.0\Code\Project\ProjectFiles\Release\Obj\os_sem.o
#        D:\LH01\DeviceMainControlBoard_V2.0\Code\Project\ProjectFiles\Release\Obj\os_stat.o
#        D:\LH01\DeviceMainControlBoard_V2.0\Code\Project\ProjectFiles\Release\Obj\os_task.o
#        D:\LH01\DeviceMainControlBoard_V2.0\Code\Project\ProjectFiles\Release\Obj\os_tick.o
#        D:\LH01\DeviceMainControlBoard_V2.0\Code\Project\ProjectFiles\Release\Obj\os_time.o
#        D:\LH01\DeviceMainControlBoard_V2.0\Code\Project\ProjectFiles\Release\Obj\os_tmr.o
#        D:\LH01\DeviceMainControlBoard_V2.0\Code\Project\ProjectFiles\Release\Obj\os_var.o
#        D:\LH01\DeviceMainControlBoard_V2.0\Code\Project\ProjectFiles\Release\Obj\startup_stm32f40_41xxx.o
#        D:\LH01\DeviceMainControlBoard_V2.0\Code\Project\ProjectFiles\Release\Obj\stm32f4xx_adc.o
#        D:\LH01\DeviceMainControlBoard_V2.0\Code\Project\ProjectFiles\Release\Obj\stm32f4xx_can.o
#        D:\LH01\DeviceMainControlBoard_V2.0\Code\Project\ProjectFiles\Release\Obj\stm32f4xx_crc.o
#        D:\LH01\DeviceMainControlBoard_V2.0\Code\Project\ProjectFiles\Release\Obj\stm32f4xx_dac.o
#        D:\LH01\DeviceMainControlBoard_V2.0\Code\Project\ProjectFiles\Release\Obj\stm32f4xx_dbgmcu.o
#        D:\LH01\DeviceMainControlBoard_V2.0\Code\Project\ProjectFiles\Release\Obj\stm32f4xx_dma.o
#        D:\LH01\DeviceMainControlBoard_V2.0\Code\Project\ProjectFiles\Release\Obj\stm32f4xx_exti.o
#        D:\LH01\DeviceMainControlBoard_V2.0\Code\Project\ProjectFiles\Release\Obj\stm32f4xx_flash.o
#        D:\LH01\DeviceMainControlBoard_V2.0\Code\Project\ProjectFiles\Release\Obj\stm32f4xx_fsmc.o
#        D:\LH01\DeviceMainControlBoard_V2.0\Code\Project\ProjectFiles\Release\Obj\stm32f4xx_gpio.o
#        D:\LH01\DeviceMainControlBoard_V2.0\Code\Project\ProjectFiles\Release\Obj\stm32f4xx_hash.o
#        D:\LH01\DeviceMainControlBoard_V2.0\Code\Project\ProjectFiles\Release\Obj\stm32f4xx_i2c.o
#        D:\LH01\DeviceMainControlBoard_V2.0\Code\Project\ProjectFiles\Release\Obj\stm32f4xx_it.o
#        D:\LH01\DeviceMainControlBoard_V2.0\Code\Project\ProjectFiles\Release\Obj\stm32f4xx_iwdg.o
#        D:\LH01\DeviceMainControlBoard_V2.0\Code\Project\ProjectFiles\Release\Obj\stm32f4xx_pwr.o
#        D:\LH01\DeviceMainControlBoard_V2.0\Code\Project\ProjectFiles\Release\Obj\stm32f4xx_rcc.o
#        D:\LH01\DeviceMainControlBoard_V2.0\Code\Project\ProjectFiles\Release\Obj\stm32f4xx_rng.o
#        D:\LH01\DeviceMainControlBoard_V2.0\Code\Project\ProjectFiles\Release\Obj\stm32f4xx_rtc.o
#        D:\LH01\DeviceMainControlBoard_V2.0\Code\Project\ProjectFiles\Release\Obj\stm32f4xx_sdio.o
#        D:\LH01\DeviceMainControlBoard_V2.0\Code\Project\ProjectFiles\Release\Obj\stm32f4xx_spi.o
#        D:\LH01\DeviceMainControlBoard_V2.0\Code\Project\ProjectFiles\Release\Obj\stm32f4xx_syscfg.o
#        D:\LH01\DeviceMainControlBoard_V2.0\Code\Project\ProjectFiles\Release\Obj\stm32f4xx_tim.o
#        D:\LH01\DeviceMainControlBoard_V2.0\Code\Project\ProjectFiles\Release\Obj\stm32f4xx_usart.o
#        D:\LH01\DeviceMainControlBoard_V2.0\Code\Project\ProjectFiles\Release\Obj\stm32f4xx_wwdg.o
#        D:\LH01\DeviceMainControlBoard_V2.0\Code\Project\ProjectFiles\Release\Obj\system_stm32f4xx.o
#        D:\LH01\DeviceMainControlBoard_V2.0\Code\Project\ProjectFiles\Release\Obj\SystemConfig.o
#        D:\LH01\DeviceMainControlBoard_V2.0\Code\Project\ProjectFiles\Release\Obj\SystemCRC.o
#        D:\LH01\DeviceMainControlBoard_V2.0\Code\Project\ProjectFiles\Release\Obj\SystemInput.o
#        D:\LH01\DeviceMainControlBoard_V2.0\Code\Project\ProjectFiles\Release\Obj\SystemMain.o
#        D:\LH01\DeviceMainControlBoard_V2.0\Code\Project\ProjectFiles\Release\Obj\SystemMsg.o
#        D:\LH01\DeviceMainControlBoard_V2.0\Code\Project\ProjectFiles\Release\Obj\SystemOutput.o
#        D:\LH01\DeviceMainControlBoard_V2.0\Code\Project\ProjectFiles\Release\Obj\SystemParam.o
#        D:\LH01\DeviceMainControlBoard_V2.0\Code\Project\ProjectFiles\Release\Obj\SystemUartRSUtil.o
#        D:\LH01\DeviceMainControlBoard_V2.0\Code\Project\ProjectFiles\Release\Obj\TaskAppTestProcess.o
#        D:\LH01\DeviceMainControlBoard_V2.0\Code\Project\ProjectFiles\Release\Obj\TaskServiceCan1Recv.o
#        D:\LH01\DeviceMainControlBoard_V2.0\Code\Project\ProjectFiles\Release\Obj\TaskServiceCan2Recv.o
#        D:\LH01\DeviceMainControlBoard_V2.0\Code\Project\ProjectFiles\Release\Obj\TaskServiceCupStackManagement.o
#        D:\LH01\DeviceMainControlBoard_V2.0\Code\Project\ProjectFiles\Release\Obj\TaskServiceDebug.o
#        D:\LH01\DeviceMainControlBoard_V2.0\Code\Project\ProjectFiles\Release\Obj\TaskServiceDishReactionAndMixReagent.o
#        D:\LH01\DeviceMainControlBoard_V2.0\Code\Project\ProjectFiles\Release\Obj\TaskServiceDishReagent.o
#        D:\LH01\DeviceMainControlBoard_V2.0\Code\Project\ProjectFiles\Release\Obj\TaskServiceDishWashAndMixLiquidA.o
#        D:\LH01\DeviceMainControlBoard_V2.0\Code\Project\ProjectFiles\Release\Obj\TaskServiceHandCup.o
#        D:\LH01\DeviceMainControlBoard_V2.0\Code\Project\ProjectFiles\Release\Obj\TaskServiceHeart.o
#        D:\LH01\DeviceMainControlBoard_V2.0\Code\Project\ProjectFiles\Release\Obj\TaskServiceLiquidAutoProc.o
#        D:\LH01\DeviceMainControlBoard_V2.0\Code\Project\ProjectFiles\Release\Obj\TaskServiceLiquidInjectA.o
#        D:\LH01\DeviceMainControlBoard_V2.0\Code\Project\ProjectFiles\Release\Obj\TaskServiceMeasureRoomAndLiquidB.o
#        D:\LH01\DeviceMainControlBoard_V2.0\Code\Project\ProjectFiles\Release\Obj\TaskServiceMixBead.o
#        D:\LH01\DeviceMainControlBoard_V2.0\Code\Project\ProjectFiles\Release\Obj\TaskServiceNeedleReagentAndBead.o
#        D:\LH01\DeviceMainControlBoard_V2.0\Code\Project\ProjectFiles\Release\Obj\TaskServiceNeedleSample.o
#        D:\LH01\DeviceMainControlBoard_V2.0\Code\Project\ProjectFiles\Release\Obj\TaskServiceNeedleWash.o
#        D:\LH01\DeviceMainControlBoard_V2.0\Code\Project\ProjectFiles\Release\Obj\TaskServiceQRScan.o
#        D:\LH01\DeviceMainControlBoard_V2.0\Code\Project\ProjectFiles\Release\Obj\TaskServiceRankPathWay.o
#        D:\LH01\DeviceMainControlBoard_V2.0\Code\Project\ProjectFiles\Release\Obj\TaskServiceTemperatureControl.o
#        D:\LH01\DeviceMainControlBoard_V2.0\Code\Project\ProjectFiles\Release\Obj\TaskServiceUart3RS1Action.o
#        D:\LH01\DeviceMainControlBoard_V2.0\Code\Project\ProjectFiles\Release\Obj\TaskStart.o
#        D:\LH01\DeviceMainControlBoard_V2.0\Code\Project\ProjectFiles\Release\Obj\TestProc_CupStack.o
#        D:\LH01\DeviceMainControlBoard_V2.0\Code\Project\ProjectFiles\Release\Obj\TestProc_dlist.o
#        D:\LH01\DeviceMainControlBoard_V2.0\Code\Project\ProjectFiles\Release\Obj\TestProc_HandCup.o
#        D:\LH01\DeviceMainControlBoard_V2.0\Code\Project\ProjectFiles\Release\Obj\TestProc_React.o
#        D:\LH01\DeviceMainControlBoard_V2.0\Code\Project\ProjectFiles\Release\Obj\TestProc_Reagent.o
#        D:\LH01\DeviceMainControlBoard_V2.0\Code\Project\ProjectFiles\Release\Obj\TestProc_ReagentDisk.o
#        D:\LH01\DeviceMainControlBoard_V2.0\Code\Project\ProjectFiles\Release\Obj\TestProc_Sample.o
#        D:\LH01\DeviceMainControlBoard_V2.0\Code\Project\ProjectFiles\Release\Obj\TestProc_testData.o
#        D:\LH01\DeviceMainControlBoard_V2.0\Code\Project\ProjectFiles\Release\Obj\TestProc_Warning.o
#        D:\LH01\DeviceMainControlBoard_V2.0\Code\Project\ProjectFiles\Release\Obj\TestProc_Wash.o
#        D:\LH01\DeviceMainControlBoard_V2.0\Code\Project\ProjectFiles\Release\Obj\TSC_CupStackManagement.o
#        D:\LH01\DeviceMainControlBoard_V2.0\Code\Project\ProjectFiles\Release\Obj\TSC_Debug.o
#        D:\LH01\DeviceMainControlBoard_V2.0\Code\Project\ProjectFiles\Release\Obj\TSC_DishReactionAndMixReagent.o
#        D:\LH01\DeviceMainControlBoard_V2.0\Code\Project\ProjectFiles\Release\Obj\TSC_DishReagent.o
#        D:\LH01\DeviceMainControlBoard_V2.0\Code\Project\ProjectFiles\Release\Obj\TSC_DishWashAndMixLiquidA.o
#        D:\LH01\DeviceMainControlBoard_V2.0\Code\Project\ProjectFiles\Release\Obj\TSC_HandCup.o
#        D:\LH01\DeviceMainControlBoard_V2.0\Code\Project\ProjectFiles\Release\Obj\TSC_LiquidInjectA.o
#        D:\LH01\DeviceMainControlBoard_V2.0\Code\Project\ProjectFiles\Release\Obj\TSC_MeasureRoomAndLiquidB.o
#        D:\LH01\DeviceMainControlBoard_V2.0\Code\Project\ProjectFiles\Release\Obj\TSC_MixBead.o
#        D:\LH01\DeviceMainControlBoard_V2.0\Code\Project\ProjectFiles\Release\Obj\TSC_NeedleReagentAndBead.o
#        D:\LH01\DeviceMainControlBoard_V2.0\Code\Project\ProjectFiles\Release\Obj\TSC_NeedleSample.o
#        D:\LH01\DeviceMainControlBoard_V2.0\Code\Project\ProjectFiles\Release\Obj\TSC_NeedleWash.o
#        D:\LH01\DeviceMainControlBoard_V2.0\Code\Project\ProjectFiles\Release\Obj\TSC_QRScan.o
#        D:\LH01\DeviceMainControlBoard_V2.0\Code\Project\ProjectFiles\Release\Obj\TSC_RankPathWay.o
#        D:\LH01\DeviceMainControlBoard_V2.0\Code\Project\ProjectFiles\Release\Obj\TSC_TemperatureControl.o
#        D:\LH01\DeviceMainControlBoard_V2.0\Code\Project\ProjectFiles\Release\Obj\TSC_TestMode.o
#        D:\LH01\DeviceMainControlBoard_V2.0\Code\Project\ProjectFiles\Release\Obj\UserMemManager.o
#        -o D:\LH01\DeviceMainControlBoard_V2.0\Data\MAIN_BOARD_Vxx.xx_H200.out
#        --map
#        D:\LH01\DeviceMainControlBoard_V2.0\Code\Project\ProjectFiles\Release\List\MAIN_BOARD_Vxx.xx_H200.map
#        --config
#        D:\LH01\DeviceMainControlBoard_V2.0\Code\Project\ProjectFiles\..\..\Driver\DriverCore\Startup\stm32f407xG.icf
#        --entry __iar_program_start --inline --vfe --utf8_text_in --text_out
#        utf8 --no_bom)
#
###############################################################################

*******************************************************************************
*** RUNTIME MODEL ATTRIBUTES
***

CppFlavor       = *
__SystemLibrary = DLib
__dlib_version  = 6


*******************************************************************************
*** HEAP SELECTION
***

The basic heap was selected because no calls to memory allocation
functions were found in the application outside of system library
functions, and there are calls to deallocation functions in the
application.


*******************************************************************************
*** PLACEMENT SUMMARY
***

"A0":  place at 0x08020000 { ro section .intvec };
"P1":  place in [from 0x08020000 to 0x080dffff] { ro };
define block CSTACK with size = 8K, alignment = 8 { };
"P3":  place in [from 0x10000000 to 0x1000ffff] {
          block CSTACK, section .ccram };
define block HEAP with size = 8K, alignment = 8 { };
"P4":  place in [from 0x20000000 to 0x2001bfff] |
                [from 0x2001c000 to 0x2001ffff] { rw, block HEAP };
"P6":  place in [from 0x6c000000 to 0x6c0fffff] { section .is62 };
initialize by copy { rw };

  Section            Kind        Address     Size  Object
  -------            ----        -------     ----  ------
"A0":                                       0x188
  .intvec            ro code  0x08020000    0x188  startup_stm32f40_41xxx.o [1]
                            - 0x08020188    0x188

"P1":                                     0x33120
  .text              ro code  0x08020188   0xa784  TaskAppTestProcess.o [1]
  .text              ro code  0x0802a90c    0x1dc  TSC_DishReactionAndMixReagent.o [1]
  .text              ro code  0x0802aae8    0x192  TSC_MixBead.o [1]
  .text              ro code  0x0802ac7a     0x1a  xsnprout.o [3]
  .text              ro code  0x0802ac94    0x1c4  TSC_DishReagent.o [1]
  .text              ro code  0x0802ae58    0x194  TSC_QRScan.o [1]
  .text              ro code  0x0802afec    0x214  TSC_NeedleReagentAndBead.o [1]
  .text              ro code  0x0802b200    0x248  TSC_NeedleSample.o [1]
  .text              ro code  0x0802b448    0x196  TSC_RankPathWay.o [1]
  .text              ro code  0x0802b5de     0x12  xencoding_8859_1.o [3]
  .text              ro code  0x0802b5f0    0x1d8  TSC_DishWashAndMixLiquidA.o [1]
  .text              ro code  0x0802b7c8    0x1aa  TSC_LiquidInjectA.o [1]
  .text              ro code  0x0802b972      0xe  stm32f4xx_it.o [1]
  .text              ro code  0x0802b980    0x230  TSC_MeasureRoomAndLiquidB.o [1]
  .text              ro code  0x0802bbb0    0x1ae  TSC_NeedleWash.o [1]
  .rodata            const    0x0802bd5e      0x2  os_cfg_app.o [1]
  .text              ro code  0x0802bd60    0x2cc  TSC_HandCup.o [1]
  .text              ro code  0x0802c02c    0x278  TSC_CupStackManagement.o [1]
  .text              ro code  0x0802c2a4     0x30  TSC_TestMode.o [1]
  .text              ro code  0x0802c2d4    0x854  TaskServiceCan1Recv.o [1]
  .text              ro code  0x0802cb28    0x22c  os_time.o [1]
  .text              ro code  0x0802cd54    0x310  TestProc_testData.o [1]
  .text              ro code  0x0802d064    0x974  TestProc_Sample.o [1]
  .text              ro code  0x0802d9d8    0x950  os_tmr.o [1]
  .text              ro code  0x0802e328    0x908  TestProc_React.o [1]
  .text              ro code  0x0802ec30    0x3c0  MCU_Uart1.o [1]
  .text              ro code  0x0802eff0     0xb4  lib_mem.o [1]
  .text              ro code  0x0802f0a4    0x158  TestProc_dlist.o [1]
  .text              ro code  0x0802f1fc    0xbb8  TestProc_Wash.o [1]
  .text              ro code  0x0802fdb4    0xd34  TestProc_Reagent.o [1]
  .text              ro code  0x08030ae8    0x324  TestProc_ReagentDisk.o [1]
  .text              ro code  0x08030e0c    0xb6c  TestProc_HandCup.o [1]
  .text              ro code  0x08031978    0x470  SystemConfig.o [1]
  .text              ro code  0x08031de8    0xbe4  os_task.o [1]
  .text              ro code  0x080329cc    0x368  UserMemManager.o [1]
  .text              ro code  0x08032d34    0x4b4  TestProc_CupStack.o [1]
  .text              ro code  0x080331e8    0x4de  os_mutex.o [1]
  .rodata            const    0x080336c6      0x2  os_dbg.o [1]
  .text              ro code  0x080336c8    0x15a  CoreDelay.o [1]
  .rodata            const    0x08033822      0x2  os_dbg.o [1]
  .text              ro code  0x08033824    0x2d4  SystemMsg.o [1]
  .text              ro code  0x08033af8     0x7c  SystemCRC.o [1]
  .text              ro code  0x08033b74    0x7b0  MCU_Can.o [1]
  CODE               ro code  0x08034324     0x54  cpu_a.o [1]
  .text              ro code  0x08034378    0x324  os_tick.o [1]
  .text              ro code  0x0803469c    0x878  os_core.o [1]
  .text              ro code  0x08034f14    0x1f8  os_mem.o [1]
  .text              ro code  0x0803510c     0x84  bsp_user.o [1]
  .text              ro code  0x08035190    0x124  ADT_CircleByteQueue.o [1]
  .text              ro code  0x080352b4    0x264  stm32f4xx_rcc.o [1]
  .text              ro code  0x08035518    0x2fc  stm32f4xx_dma.o [1]
  .text              ro code  0x08035814    0x5dc  MCU_Port.o [1]
  .text              ro code  0x08035df0    0x120  stm32f4xx_gpio.o [1]
  .text              ro code  0x08035f10    0x2d4  stm32f4xx_usart.o [1]
  .text              ro code  0x080361e4     0xa4  misc.o [1]
  .text              ro code  0x08036288     0x36  strlen.o [5]
  .rodata            const    0x080362be      0x2  os_dbg.o [1]
  .text              ro code  0x080362c0     0x3c  vsnprint.o [3]
  .text              ro code  0x080362fc    0x1cc  MCU_internalFlash.o [1]
  .text              ro code  0x080364c8    0x2c8  os_cpu_c.o [1]
  .text              ro code  0x08036790    0x200  os_msg.o [1]
  .text              ro code  0x08036990     0x54  os_prio.o [1]
  .text              ro code  0x080369e4     0x66  ABImemset.o [5]
  .rodata            const    0x08036a4a      0x2  os_dbg.o [1]
  .text              ro code  0x08036a4c    0x338  os_sem.o [1]
  .text              ro code  0x08036d84    0x6a0  stm32f4xx_can.o [1]
  .text              ro code  0x08037424     0x44  BoardBeep.o [1]
  .text              ro code  0x08037468    0x14c  BoardLed.o [1]
  .text              ro code  0x080375b4    0x550  os_stat.o [1]
  .text              ro code  0x08037b04    0x220  os_dbg.o [1]
  CODE               ro code  0x08037d24    0x120  os_cpu_a.o [1]
  .text              ro code  0x08037e44     0x24  cpu_core.o [1]
  .text              ro code  0x08037e68    0xf5a  xprintffuller_nomb.o [3]
  .rodata            const    0x08038dc2      0x2  os_dbg.o [1]
  .text              ro code  0x08038dc4    0x210  stm32f4xx_flash.o [1]
  .text              ro code  0x08038fd4     0x16  strchr.o [5]
  .rodata            const    0x08038fea      0x2  os_dbg.o [1]
  .text              ro code  0x08038fec     0x44  xfail_s.o [3]
  .text              ro code  0x08039030     0x58  memchr.o [5]
  .text              ro code  0x08039088      0xa  xmbcurmax.o [3]
  .rodata            const    0x08039092      0x2  os_dbg.o [1]
  .text              ro code  0x08039094     0x18  xlocale_c.o [3]
  .text              ro code  0x080390ac     0xa6  ABImemcpy.o [5]
  .rodata            const    0x08039152      0x2  os_dbg.o [1]
  .text              ro code  0x08039154     0xee  I64DivMod.o [5]
  .rodata            const    0x08039242      0x2  os_dbg.o [1]
  .text              ro code  0x08039244    0x1a2  DblMul.o [4]
  .rodata            const    0x080393e6      0x2  os_dbg.o [1]
  .text              ro code  0x080393e8     0x70  frexp.o [4]
  .text              ro code  0x08039458     0x2e  DblCmpLe.o [4]
  .rodata            const    0x08039486      0x2  os_dbg.o [1]
  .text              ro code  0x08039488     0x2e  DblCmpGe.o [4]
  .rodata            const    0x080394b6      0x2  os_dbg.o [1]
  .text              ro code  0x080394b8    0x13a  ldexp.o [4]
  .rodata            const    0x080395f2      0x2  os_dbg.o [1]
  .text              ro code  0x080395f4     0x3a  DblToS32.o [4]
  .rodata            const    0x0803962e      0x2  os_dbg.o [1]
  .text              ro code  0x08039630     0x22  S32ToDbl.o [4]
  .rodata            const    0x08039652      0x2  os_dbg.o [1]
  .text              ro code  0x08039654     0xe2  DblSub.o [4]
  .rodata            const    0x08039736      0x2  os_dbg.o [1]
  .text              ro code  0x08039738    0x246  DblDiv.o [4]
  .rodata            const    0x0803997e      0x2  os_dbg.o [1]
  .text              ro code  0x08039980     0x28  DblToU32.o [4]
  .text              ro code  0x080399a8     0x1a  U32ToDbl.o [4]
  .text              ro code  0x080399c2      0x6  abort.o [3]
  .text              ro code  0x080399c8      0x2  I64DivZer.o [5]
  .rodata            const    0x080399ca      0x2  os_dbg.o [1]
  .text              ro code  0x080399cc    0x168  DblAdd.o [4]
  .text              ro code  0x08039b34      0xc  XXexit.o [5]
  .text              ro code  0x08039b40   0x169c  ActionNeedleSample.o [1]
  .text              ro code  0x0803b1dc    0x842  Can2SubStepMotor.o [1]
  .rodata            const    0x0803ba1e      0x2  os_dbg.o [1]
  .text              ro code  0x0803ba20    0x3d0  MCU_Uart3.o [1]
  .text              ro code  0x0803bdf0     0xa4  Can2SubNeedleSampleLiquidDetect.o [1]
  .text              ro code  0x0803be94      0x8  abs.o [3]
  .text              ro code  0x0803be9c     0x3c  SystemOutput.o [1]
  .text              ro code  0x0803bed8    0x11a  Can2ProcUtil.o [1]
  .rodata            const    0x0803bff2      0x2  os_dbg.o [1]
  .text              ro code  0x0803bff4    0xb4c  Can2ProcMain.o [1]
  .text              ro code  0x0803cb40    0x89a  BoardInOut.o [1]
  .rodata            const    0x0803d3da      0x2  os_dbg.o [1]
  .text              ro code  0x0803d3dc    0x1a2  Can2SubOutputWrite.o [1]
  .rodata            const    0x0803d57e      0x1  os_cfg_app.o [1]
  .rodata            const    0x0803d57f      0x1  os_cfg_app.o [1]
  .text              ro code  0x0803d580   0x12b4  ActionNeedleReagentAndBead.o [1]
  .text              ro code  0x0803e834    0x2a8  SystemParam.o [1]
  .text              ro code  0x0803eadc     0xa4  Can2SubNeedleReagentLiquidDetect.o [1]
  .text              ro code  0x0803eb80    0x24c  BoardMB85RS2MT.o [1]
  .text              ro code  0x0803edcc    0x14c  MCU_SPI.o [1]
  .text              ro code  0x0803ef18     0x6c  stm32f4xx_spi.o [1]
  .text              ro code  0x0803ef84   0x1178  ActionHandCup.o [1]
  .text              ro code  0x080400fc     0x50  SystemInput.o [1]
  .text              ro code  0x0804014c    0x24c  Can2SubInputRead.o [1]
  .text              ro code  0x08040398   0x110c  MCU_SDIO.o [1]
  .text              ro code  0x080414a4     0xcc  stm32f4xx_sdio.o [1]
  .text              ro code  0x08041570    0xf98  ActionNeedleWash.o [1]
  .text              ro code  0x08042508    0xeec  ActionMeasureRoomAndLiquidB.o [1]
  .text              ro code  0x080433f4     0x98  MCU_Random.o [1]
  .text              ro code  0x0804348c    0x114  Can2SubPhotonCount.o [1]
  .text              ro code  0x080435a0     0x4c  stm32f4xx_rng.o [1]
  .text              ro code  0x080435ec    0xe50  ActionCupStackManagement.o [1]
  .text              ro code  0x0804443c    0x9c8  TaskServiceHandCup.o [1]
  .text              ro code  0x08044e04     0xee  SystemUartRSUtil.o [1]
  .text              ro code  0x08044ef2     0xe8  BoardRS.o [1]
  .rodata            const    0x08044fda      0x1  os_dbg.o [1]
  .rodata            const    0x08044fdb      0x1  os_dbg.o [1]
  .text              ro code  0x08044fdc    0x290  MCU_Uart2.o [1]
  .text              ro code  0x0804526c    0x288  MCU_Uart6.o [1]
  .text              ro code  0x080454f4    0x928  TaskServiceCupStackManagement.o [1]
  .text              ro code  0x08045e1c    0x884  TaskServiceNeedleSample.o [1]
  .text              ro code  0x080466a0    0x85c  TaskServiceMeasureRoomAndLiquidB.o [1]
  .text              ro code  0x08046efc    0x7e4  TaskStart.o [1]
  .text              ro code  0x080476e0    0x52c  BoardIS62.o [1]
  .text              ro code  0x08047c0c     0x1c  BoardSDCard.o [1]
  .text              ro code  0x08047c28      0x8  BoardPressure.o [1]
  .text              ro code  0x08047c30    0x15c  stm32f4xx_fsmc.o [1]
  .text              ro code  0x08047d8c     0xb8  MCU_ADC.o [1]
  .text              ro code  0x08047e44     0xb8  stm32f4xx_adc.o [1]
  .text              ro code  0x08047efc    0x784  TaskServiceNeedleReagentAndBead.o [1]
  .text              ro code  0x08048680    0x6b4  TaskServiceDishWashAndMixLiquidA.o [1]
  .text              ro code  0x08048d34    0x450  ActionDishWashAndMixLiquidA.o [1]
  .text              ro code  0x08049184    0x6a2  TaskServiceDebug.o [1]
  .rodata            const    0x08049826      0x1  os_dbg.o [1]
  .rodata            const    0x08049827      0x1  os_dbg.o [1]
  .text              ro code  0x08049828    0x610  TaskServiceDishReactionAndMixReagent.o [1]
  .text              ro code  0x08049e38    0x478  ActionDishReactionAndMixReagent.o [1]
  .text              ro code  0x0804a2b0    0x4b8  TaskServiceDishReagent.o [1]
  .text              ro code  0x0804a768    0x254  ActionDishReagent.o [1]
  .rodata            const    0x0804a9bc    0x400  SystemCRC.o [1]
  .text              ro code  0x0804adbc    0x3e8  TaskServiceNeedleWash.o [1]
  .text              ro code  0x0804b1a4    0x3d4  TaskServiceMixBead.o [1]
  .text              ro code  0x0804b578    0x1bc  ActionMixBead.o [1]
  .text              ro code  0x0804b734    0x378  TaskServiceRankPathWay.o [1]
  .text              ro code  0x0804baac    0x1dc  ActionRankPathWay.o [1]
  .text              ro code  0x0804bc88    0x32c  TaskServiceLiquidInjectA.o [1]
  .text              ro code  0x0804bfb4    0x30c  ActionLiquidInjectA.o [1]
  .rodata            const    0x0804c2c0    0x29c  TaskServiceCan1Recv.o [1]
  .rodata            const    0x0804c55c    0x214  TestProc_Warning.o [1]
  .text              ro code  0x0804c770    0x1d0  TaskServiceUart3RS1Action.o [1]
  .text              ro code  0x0804c940    0x170  TaskServiceQRScan.o [1]
  .text              ro code  0x0804cab0    0x154  system_stm32f4xx.o [1]
  .text              ro code  0x0804cc04    0x138  TaskServiceHeart.o [1]
  .rodata            const    0x0804cd3c    0x100  SystemUartRSUtil.o [1]
  .rodata            const    0x0804ce3c    0x100  SystemUartRSUtil.o [1]
  .rodata            const    0x0804cf3c     0xcc  TestProc_Reagent.o [1]
  .rodata            const    0x0804d008     0xc0  TaskServiceUart3RS1Action.o [1]
  .text              ro code  0x0804d0c8     0xb8  TaskServiceLiquidAutoProc.o [1]
  .text              ro code  0x0804d180     0xb8  TaskServiceTemperatureControl.o [1]
  .rodata            const    0x0804d238     0x90  TaskServiceHandCup.o [1]
  .text              ro code  0x0804d2c8     0x90  SystemMain.o [1]
  .text              ro code  0x0804d358      0xc  CoreUtil.o [1]
  .text              ro code  0x0804d364     0x18  stm32f4xx_syscfg.o [1]
  .rodata            const    0x0804d37c     0x84  TestProc_HandCup.o [1]
  .rodata            const    0x0804d400     0x80  BoardInOut.o [1]
  .rodata            const    0x0804d480     0x80  BoardInOut.o [1]
  .rodata            const    0x0804d500     0x80  TaskServiceNeedleSample.o [1]
  .rodata            const    0x0804d580     0x70  TaskServiceMeasureRoomAndLiquidB.o [1]
  .rodata            const    0x0804d5f0     0x6c  TestProc_React.o [1]
  .rodata            const    0x0804d65c     0x68  TaskServiceNeedleReagentAndBead.o [1]
  .rodata            const    0x0804d6c4     0x60  TaskServiceCupStackManagement.o [1]
  .rodata            const    0x0804d724     0x60  TestProc_Sample.o [1]
  .text              ro code  0x0804d784     0x56  TaskServiceCan2Recv.o [1]
  .rodata            const    0x0804d7da      0x1  os_dbg.o [1]
  .rodata            const    0x0804d7db      0x1  os_dbg.o [1]
  .rodata            const    0x0804d7dc     0x50  BoardInOut.o [1]
  .rodata            const    0x0804d82c     0x50  BoardInOut.o [1]
  .rodata            const    0x0804d87c     0x48  TaskServiceHandCup.o [1]
  .rodata            const    0x0804d8c4     0x48  TestProc_Sample.o [1]
  .rodata            const    0x0804d90c     0x40  TaskServiceNeedleSample.o [1]
  .text              ro code  0x0804d94c     0x40  zero_init3.o [5]
  .rodata            const    0x0804d98c     0x3c  ActionCupStackManagement.o [1]
  .rodata            const    0x0804d9c8     0x3c  ActionDishReactionAndMixReagent.o [1]
  .rodata            const    0x0804da04     0x3c  ActionDishReagent.o [1]
  .rodata            const    0x0804da40     0x3c  ActionDishWashAndMixLiquidA.o [1]
  .rodata            const    0x0804da7c     0x3c  ActionHandCup.o [1]
  .rodata            const    0x0804dab8     0x3c  ActionLiquidInjectA.o [1]
  .rodata            const    0x0804daf4     0x3c  ActionMeasureRoomAndLiquidB.o [1]
  .rodata            const    0x0804db30     0x3c  ActionMixBead.o [1]
  .rodata            const    0x0804db6c     0x3c  ActionNeedleReagentAndBead.o [1]
  .rodata            const    0x0804dba8     0x3c  ActionNeedleSample.o [1]
  .rodata            const    0x0804dbe4     0x3c  ActionNeedleWash.o [1]
  .rodata            const    0x0804dc20     0x3c  ActionRankPathWay.o [1]
  .rodata            const    0x0804dc5c     0x3c  TaskServiceCupStackManagement.o [1]
  .rodata            const    0x0804dc98     0x3c  TaskServiceDebug.o [1]
  .rodata            const    0x0804dcd4     0x3c  TaskServiceDishReactionAndMixReagent.o [1]
  .rodata            const    0x0804dd10     0x3c  TaskServiceDishReagent.o [1]
  .rodata            const    0x0804dd4c     0x3c  TaskServiceDishWashAndMixLiquidA.o [1]
  .rodata            const    0x0804dd88     0x3c  TaskServiceHandCup.o [1]
  .rodata            const    0x0804ddc4     0x3c  TaskServiceLiquidAutoProc.o [1]
  .rodata            const    0x0804de00     0x3c  TaskServiceLiquidInjectA.o [1]
  .rodata            const    0x0804de3c     0x3c  TaskServiceMeasureRoomAndLiquidB.o [1]
  .rodata            const    0x0804de78     0x3c  TaskServiceMixBead.o [1]
  .rodata            const    0x0804deb4     0x3c  TaskServiceNeedleReagentAndBead.o [1]
  .rodata            const    0x0804def0     0x3c  TaskServiceNeedleSample.o [1]
  .rodata            const    0x0804df2c     0x3c  TaskServiceNeedleWash.o [1]
  .rodata            const    0x0804df68     0x3c  TaskServiceQRScan.o [1]
  .rodata            const    0x0804dfa4     0x3c  TaskServiceRankPathWay.o [1]
  .rodata            const    0x0804dfe0     0x3c  TaskServiceTemperatureControl.o [1]
  .rodata            const    0x0804e01c     0x3c  TestProc_testData.o [1]
  .rodata            const    0x0804e058     0x3c  TestProc_Wash.o [1]
  .rodata            const    0x0804e094     0x38  TaskAppTestProcess.o [1]
  .rodata            const    0x0804e0cc     0x38  TaskServiceDishReactionAndMixReagent.o [1]
  .rodata            const    0x0804e104     0x38  TaskServiceDishWashAndMixLiquidA.o [1]
  .rodata            const    0x0804e13c     0x38  TaskServiceHandCup.o [1]
  .rodata            const    0x0804e174     0x38  TaskServiceNeedleReagentAndBead.o [1]
  .rodata            const    0x0804e1ac     0x34  TaskAppTestProcess.o [1]
  .rodata            const    0x0804e1e0     0x30  ActionDishReagent.o [1]
  .rodata            const    0x0804e210     0x30  ActionNeedleReagentAndBead.o [1]
  .rodata            const    0x0804e240     0x30  ActionNeedleReagentAndBead.o [1]
  .rodata            const    0x0804e270     0x30  ActionNeedleReagentAndBead.o [1]
  .rodata            const    0x0804e2a0     0x30  ActionNeedleReagentAndBead.o [1]
  .rodata            const    0x0804e2d0     0x30  os_dbg.o [1]
  .rodata            const    0x0804e300     0x30  os_dbg.o [1]
  .rodata            const    0x0804e330     0x30  os_dbg.o [1]
  .rodata            const    0x0804e360     0x30  TaskAppTestProcess.o [1]
  .rodata            const    0x0804e390     0x30  TaskServiceCupStackManagement.o [1]
  .rodata            const    0x0804e3c0     0x30  TaskStart.o [1]
  .rodata            const    0x0804e3f0     0x30  TestProc_CupStack.o [1]
  .rodata            const    0x0804e420     0x30  TestProc_ReagentDisk.o [1]
  .rodata            const    0x0804e450     0x30  TestProc_Sample.o [1]
  .rodata            const    0x0804e480     0x30  TestProc_testData.o [1]
  .rodata            const    0x0804e4b0     0x30  TestProc_Wash.o [1]
  .rodata            const    0x0804e4e0     0x30  TestProc_Wash.o [1]
  .rodata            const    0x0804e510     0x2c  ActionCupStackManagement.o [1]
  .rodata            const    0x0804e53c     0x2c  ActionNeedleReagentAndBead.o [1]
  .rodata            const    0x0804e568     0x2c  TaskAppTestProcess.o [1]
  .rodata            const    0x0804e594     0x2c  TaskAppTestProcess.o [1]
  .rodata            const    0x0804e5c0     0x2c  TaskAppTestProcess.o [1]
  .rodata            const    0x0804e5ec     0x2c  TaskAppTestProcess.o [1]
  .rodata            const    0x0804e618     0x2c  TaskServiceMeasureRoomAndLiquidB.o [1]
  .rodata            const    0x0804e644     0x2c  TaskServiceMeasureRoomAndLiquidB.o [1]
  .rodata            const    0x0804e670     0x2c  TaskStart.o [1]
  .rodata            const    0x0804e69c     0x2c  TaskStart.o [1]
  .rodata            const    0x0804e6c8     0x2c  TestProc_CupStack.o [1]
  .rodata            const    0x0804e6f4     0x2c  TestProc_HandCup.o [1]
  .rodata            const    0x0804e720     0x2c  TestProc_Reagent.o [1]
  .rodata            const    0x0804e74c     0x2c  TestProc_Reagent.o [1]
  .text              ro code  0x0804e778     0x2c  copy_init3.o [5]
  .rodata            const    0x0804e7a4     0x28  ActionCupStackManagement.o [1]
  .rodata            const    0x0804e7cc     0x28  ActionCupStackManagement.o [1]
  .rodata            const    0x0804e7f4     0x28  ActionCupStackManagement.o [1]
  .rodata            const    0x0804e81c     0x28  ActionCupStackManagement.o [1]
  .rodata            const    0x0804e844     0x28  ActionCupStackManagement.o [1]
  .rodata            const    0x0804e86c     0x28  ActionCupStackManagement.o [1]
  .rodata            const    0x0804e894     0x28  ActionCupStackManagement.o [1]
  .rodata            const    0x0804e8bc     0x28  ActionLiquidInjectA.o [1]
  .rodata            const    0x0804e8e4     0x28  ActionMeasureRoomAndLiquidB.o [1]
  .rodata            const    0x0804e90c     0x28  ActionMeasureRoomAndLiquidB.o [1]
  .rodata            const    0x0804e934     0x28  ActionNeedleReagentAndBead.o [1]
  .rodata            const    0x0804e95c     0x28  ActionNeedleReagentAndBead.o [1]
  .rodata            const    0x0804e984     0x28  ActionNeedleSample.o [1]
  .rodata            const    0x0804e9ac     0x28  ActionNeedleSample.o [1]
  .rodata            const    0x0804e9d4     0x28  ActionNeedleSample.o [1]
  .rodata            const    0x0804e9fc     0x28  ActionNeedleSample.o [1]
  .rodata            const    0x0804ea24     0x28  ActionNeedleSample.o [1]
  .rodata            const    0x0804ea4c     0x28  os_dbg.o [1]
  .rodata            const    0x0804ea74     0x28  os_dbg.o [1]
  .rodata            const    0x0804ea9c     0x28  SystemConfig.o [1]
  .rodata            const    0x0804eac4     0x28  TaskAppTestProcess.o [1]
  .rodata            const    0x0804eaec     0x28  TaskAppTestProcess.o [1]
  .rodata            const    0x0804eb14     0x28  TaskAppTestProcess.o [1]
  .rodata            const    0x0804eb3c     0x28  TaskAppTestProcess.o [1]
  .rodata            const    0x0804eb64     0x28  TaskAppTestProcess.o [1]
  .rodata            const    0x0804eb8c     0x28  TaskAppTestProcess.o [1]
  .rodata            const    0x0804ebb4     0x28  TaskAppTestProcess.o [1]
  .rodata            const    0x0804ebdc     0x28  TaskServiceDishReactionAndMixReagent.o [1]
  .rodata            const    0x0804ec04     0x28  TaskServiceDishReagent.o [1]
  .rodata            const    0x0804ec2c     0x28  TaskServiceMeasureRoomAndLiquidB.o [1]
  .rodata            const    0x0804ec54     0x28  TaskServiceMeasureRoomAndLiquidB.o [1]
  .rodata            const    0x0804ec7c     0x28  TaskServiceNeedleReagentAndBead.o [1]
  .rodata            const    0x0804eca4     0x28  TestProc_HandCup.o [1]
  .rodata            const    0x0804eccc     0x28  TestProc_React.o [1]
  .rodata            const    0x0804ecf4     0x28  TestProc_Sample.o [1]
  .rodata            const    0x0804ed1c     0x28  TestProc_Sample.o [1]
  .rodata            const    0x0804ed44     0x28  TestProc_Wash.o [1]
  .rodata            const    0x0804ed6c     0x28  TestProc_Wash.o [1]
  .text              ro code  0x0804ed94     0x28  MCU_WDG.o [1]
  .text              ro code  0x0804edbc     0x1c  stm32f4xx_wwdg.o [1]
  .text              ro code  0x0804edd8     0x28  data_init.o [5]
  .rodata            const    0x0804ee00     0x24  ActionCupStackManagement.o [1]
  .rodata            const    0x0804ee24     0x24  ActionCupStackManagement.o [1]
  .rodata            const    0x0804ee48     0x24  ActionCupStackManagement.o [1]
  .rodata            const    0x0804ee6c     0x24  ActionCupStackManagement.o [1]
  .rodata            const    0x0804ee90     0x24  ActionDishReactionAndMixReagent.o [1]
  .rodata            const    0x0804eeb4     0x24  ActionDishReactionAndMixReagent.o [1]
  .rodata            const    0x0804eed8     0x24  ActionDishReagent.o [1]
  .rodata            const    0x0804eefc     0x24  ActionHandCup.o [1]
  .rodata            const    0x0804ef20     0x24  ActionHandCup.o [1]
  .rodata            const    0x0804ef44     0x24  ActionHandCup.o [1]
  .rodata            const    0x0804ef68     0x24  ActionLiquidInjectA.o [1]
  .rodata            const    0x0804ef8c     0x24  ActionMeasureRoomAndLiquidB.o [1]
  .rodata            const    0x0804efb0     0x24  ActionMeasureRoomAndLiquidB.o [1]
  .rodata            const    0x0804efd4     0x24  ActionMeasureRoomAndLiquidB.o [1]
  .rodata            const    0x0804eff8     0x24  ActionMeasureRoomAndLiquidB.o [1]
  .rodata            const    0x0804f01c     0x24  ActionMeasureRoomAndLiquidB.o [1]
  .rodata            const    0x0804f040     0x24  ActionMeasureRoomAndLiquidB.o [1]
  .rodata            const    0x0804f064     0x24  ActionNeedleReagentAndBead.o [1]
  .rodata            const    0x0804f088     0x24  ActionNeedleSample.o [1]
  .rodata            const    0x0804f0ac     0x24  ActionNeedleSample.o [1]
  .rodata            const    0x0804f0d0     0x24  ActionRankPathWay.o [1]
  .rodata            const    0x0804f0f4     0x24  MCU_Port.o [1]
  .rodata            const    0x0804f118     0x24  MCU_Port.o [1]
  .rodata            const    0x0804f13c     0x24  MCU_Port.o [1]
  .rodata            const    0x0804f160     0x24  TaskAppTestProcess.o [1]
  .rodata            const    0x0804f184     0x24  TaskAppTestProcess.o [1]
  .rodata            const    0x0804f1a8     0x24  TaskAppTestProcess.o [1]
  .rodata            const    0x0804f1cc     0x24  TaskAppTestProcess.o [1]
  .rodata            const    0x0804f1f0     0x24  TaskAppTestProcess.o [1]
  .rodata            const    0x0804f214     0x24  TaskAppTestProcess.o [1]
  .rodata            const    0x0804f238     0x24  TaskServiceCan1Recv.o [1]
  .rodata            const    0x0804f25c     0x24  TaskServiceCan1Recv.o [1]
  .rodata            const    0x0804f280     0x24  TaskServiceCan1Recv.o [1]
  .rodata            const    0x0804f2a4     0x24  TaskServiceCan1Recv.o [1]
  .rodata            const    0x0804f2c8     0x24  TaskServiceCan1Recv.o [1]
  .rodata            const    0x0804f2ec     0x24  TaskServiceCupStackManagement.o [1]
  .rodata            const    0x0804f310     0x24  TaskServiceDishWashAndMixLiquidA.o [1]
  .rodata            const    0x0804f334     0x24  TaskServiceMeasureRoomAndLiquidB.o [1]
  .rodata            const    0x0804f358     0x24  TaskServiceMeasureRoomAndLiquidB.o [1]
  .rodata            const    0x0804f37c     0x24  TaskServiceMeasureRoomAndLiquidB.o [1]
  .rodata            const    0x0804f3a0     0x24  TaskServiceMeasureRoomAndLiquidB.o [1]
  .rodata            const    0x0804f3c4     0x24  TaskServiceNeedleReagentAndBead.o [1]
  .rodata            const    0x0804f3e8     0x24  TaskServiceNeedleSample.o [1]
  .rodata            const    0x0804f40c     0x24  TaskStart.o [1]
  .rodata            const    0x0804f430     0x24  TaskStart.o [1]
  .rodata            const    0x0804f454     0x24  TestProc_CupStack.o [1]
  .rodata            const    0x0804f478     0x24  TestProc_CupStack.o [1]
  .rodata            const    0x0804f49c     0x24  TestProc_Reagent.o [1]
  .rodata            const    0x0804f4c0     0x24  TestProc_Reagent.o [1]
  .rodata            const    0x0804f4e4     0x24  TestProc_ReagentDisk.o [1]
  .rodata            const    0x0804f508     0x24  TestProc_Sample.o [1]
  .rodata            const    0x0804f52c     0x24  TestProc_Wash.o [1]
  .rodata            const    0x0804f550     0x24  TestProc_Wash.o [1]
  .text              ro code  0x0804f574     0x22  fpinit_M.o [4]
  .iar.init_table    const    0x0804f598     0x3c  - Linker created -
  .rodata            const    0x0804f5d4      0x1  os_dbg.o [1]
  .rodata            const    0x0804f5d5      0x1  os_dbg.o [1]
  .rodata            const    0x0804f5d8     0x20  ActionDishReactionAndMixReagent.o [1]
  .rodata            const    0x0804f5f8     0x20  ActionDishWashAndMixLiquidA.o [1]
  .rodata            const    0x0804f618     0x20  ActionDishWashAndMixLiquidA.o [1]
  .rodata            const    0x0804f638     0x20  ActionDishWashAndMixLiquidA.o [1]
  .rodata            const    0x0804f658     0x20  ActionHandCup.o [1]
  .rodata            const    0x0804f678     0x20  ActionHandCup.o [1]
  .rodata            const    0x0804f698     0x20  ActionHandCup.o [1]
  .rodata            const    0x0804f6b8     0x20  ActionHandCup.o [1]
  .rodata            const    0x0804f6d8     0x20  ActionHandCup.o [1]
  .rodata            const    0x0804f6f8     0x20  ActionHandCup.o [1]
  .rodata            const    0x0804f718     0x20  ActionHandCup.o [1]
  .rodata            const    0x0804f738     0x20  ActionMeasureRoomAndLiquidB.o [1]
  .rodata            const    0x0804f758     0x20  ActionMeasureRoomAndLiquidB.o [1]
  .rodata            const    0x0804f778     0x20  ActionMeasureRoomAndLiquidB.o [1]
  .rodata            const    0x0804f798     0x20  ActionMeasureRoomAndLiquidB.o [1]
  .rodata            const    0x0804f7b8     0x20  ActionMeasureRoomAndLiquidB.o [1]
  .rodata            const    0x0804f7d8     0x20  ActionMixBead.o [1]
  .rodata            const    0x0804f7f8     0x20  ActionNeedleReagentAndBead.o [1]
  .rodata            const    0x0804f818     0x20  ActionNeedleSample.o [1]
  .rodata            const    0x0804f838     0x20  ActionNeedleSample.o [1]
  .rodata            const    0x0804f858     0x20  ActionNeedleSample.o [1]
  .rodata            const    0x0804f878     0x20  ActionNeedleSample.o [1]
  .rodata            const    0x0804f898     0x20  ActionNeedleWash.o [1]
  .rodata            const    0x0804f8b8     0x20  ActionNeedleWash.o [1]
  .rodata            const    0x0804f8d8     0x20  ActionNeedleWash.o [1]
  .rodata            const    0x0804f8f8     0x20  ActionNeedleWash.o [1]
  .rodata            const    0x0804f918     0x20  ActionRankPathWay.o [1]
  .rodata            const    0x0804f938     0x20  BoardInOutConfig.o [1]
  .rodata            const    0x0804f958     0x20  MCU_Port.o [1]
  .rodata            const    0x0804f978     0x20  os_dbg.o [1]
  .rodata            const    0x0804f998     0x20  TaskAppTestProcess.o [1]
  .rodata            const    0x0804f9b8     0x20  TaskAppTestProcess.o [1]
  .rodata            const    0x0804f9d8     0x20  TaskAppTestProcess.o [1]
  .rodata            const    0x0804f9f8     0x20  TaskAppTestProcess.o [1]
  .rodata            const    0x0804fa18     0x20  TaskAppTestProcess.o [1]
  .rodata            const    0x0804fa38     0x20  TaskAppTestProcess.o [1]
  .rodata            const    0x0804fa58     0x20  TaskAppTestProcess.o [1]
  .rodata            const    0x0804fa78     0x20  TaskAppTestProcess.o [1]
  .rodata            const    0x0804fa98     0x20  TaskAppTestProcess.o [1]
  .rodata            const    0x0804fab8     0x20  TaskAppTestProcess.o [1]
  .rodata            const    0x0804fad8     0x20  TaskAppTestProcess.o [1]
  .rodata            const    0x0804faf8     0x20  TaskAppTestProcess.o [1]
  .rodata            const    0x0804fb18     0x20  TaskAppTestProcess.o [1]
  .rodata            const    0x0804fb38     0x20  TaskAppTestProcess.o [1]
  .rodata            const    0x0804fb58     0x20  TaskAppTestProcess.o [1]
  .rodata            const    0x0804fb78     0x20  TaskAppTestProcess.o [1]
  .rodata            const    0x0804fb98     0x20  TaskAppTestProcess.o [1]
  .rodata            const    0x0804fbb8     0x20  TaskAppTestProcess.o [1]
  .rodata            const    0x0804fbd8     0x20  TaskAppTestProcess.o [1]
  .rodata            const    0x0804fbf8     0x20  TaskAppTestProcess.o [1]
  .rodata            const    0x0804fc18     0x20  TaskAppTestProcess.o [1]
  .rodata            const    0x0804fc38     0x20  TaskAppTestProcess.o [1]
  .rodata            const    0x0804fc58     0x20  TaskAppTestProcess.o [1]
  .rodata            const    0x0804fc78     0x20  TaskAppTestProcess.o [1]
  .rodata            const    0x0804fc98     0x20  TaskAppTestProcess.o [1]
  .rodata            const    0x0804fcb8     0x20  TaskAppTestProcess.o [1]
  .rodata            const    0x0804fcd8     0x20  TaskAppTestProcess.o [1]
  .rodata            const    0x0804fcf8     0x20  TaskServiceCupStackManagement.o [1]
  .rodata            const    0x0804fd18     0x20  TaskServiceDishReactionAndMixReagent.o [1]
  .rodata            const    0x0804fd38     0x20  TaskServiceDishReagent.o [1]
  .rodata            const    0x0804fd58     0x20  TaskServiceDishReagent.o [1]
  .rodata            const    0x0804fd78     0x20  TaskServiceDishWashAndMixLiquidA.o [1]
  .rodata            const    0x0804fd98     0x20  TaskServiceHandCup.o [1]
  .rodata            const    0x0804fdb8     0x20  TaskServiceHandCup.o [1]
  .rodata            const    0x0804fdd8     0x20  TaskServiceLiquidInjectA.o [1]
  .rodata            const    0x0804fdf8     0x20  TaskServiceLiquidInjectA.o [1]
  .rodata            const    0x0804fe18     0x20  TaskServiceMeasureRoomAndLiquidB.o [1]
  .rodata            const    0x0804fe38     0x20  TaskServiceMeasureRoomAndLiquidB.o [1]
  .rodata            const    0x0804fe58     0x20  TaskServiceMeasureRoomAndLiquidB.o [1]
  .rodata            const    0x0804fe78     0x20  TaskServiceMeasureRoomAndLiquidB.o [1]
  .rodata            const    0x0804fe98     0x20  TaskServiceMeasureRoomAndLiquidB.o [1]
  .rodata            const    0x0804feb8     0x20  TaskServiceMixBead.o [1]
  .rodata            const    0x0804fed8     0x20  TaskServiceMixBead.o [1]
  .rodata            const    0x0804fef8     0x20  TaskServiceNeedleReagentAndBead.o [1]
  .rodata            const    0x0804ff18     0x20  TaskServiceNeedleSample.o [1]
  .rodata            const    0x0804ff38     0x20  TaskServiceNeedleSample.o [1]
  .rodata            const    0x0804ff58     0x20  TaskServiceNeedleWash.o [1]
  .rodata            const    0x0804ff78     0x20  TaskServiceQRScan.o [1]
  .rodata            const    0x0804ff98     0x20  TaskServiceRankPathWay.o [1]
  .rodata            const    0x0804ffb8     0x20  TaskStart.o [1]
  .rodata            const    0x0804ffd8     0x20  TaskStart.o [1]
  .rodata            const    0x0804fff8     0x20  TestProc_CupStack.o [1]
  .rodata            const    0x08050018     0x20  TestProc_HandCup.o [1]
  .rodata            const    0x08050038     0x20  TestProc_HandCup.o [1]
  .rodata            const    0x08050058     0x20  TestProc_testData.o [1]
  .rodata            const    0x08050078     0x1c  ActionDishReactionAndMixReagent.o [1]
  .rodata            const    0x08050094     0x1c  ActionHandCup.o [1]
  .rodata            const    0x080500b0     0x1c  ActionHandCup.o [1]
  .rodata            const    0x080500cc     0x1c  ActionHandCup.o [1]
  .rodata            const    0x080500e8     0x1c  ActionHandCup.o [1]
  .rodata            const    0x08050104     0x1c  ActionHandCup.o [1]
  .rodata            const    0x08050120     0x1c  ActionLiquidInjectA.o [1]
  .rodata            const    0x0805013c     0x1c  ActionMeasureRoomAndLiquidB.o [1]
  .rodata            const    0x08050158     0x1c  TaskAppTestProcess.o [1]
  .rodata            const    0x08050174     0x1c  TaskAppTestProcess.o [1]
  .rodata            const    0x08050190     0x1c  TaskAppTestProcess.o [1]
  .rodata            const    0x080501ac     0x1c  TaskAppTestProcess.o [1]
  .rodata            const    0x080501c8     0x1c  TaskAppTestProcess.o [1]
  .rodata            const    0x080501e4     0x1c  TaskAppTestProcess.o [1]
  .rodata            const    0x08050200     0x1c  TaskAppTestProcess.o [1]
  .rodata            const    0x0805021c     0x1c  TaskAppTestProcess.o [1]
  .rodata            const    0x08050238     0x1c  TaskAppTestProcess.o [1]
  .rodata            const    0x08050254     0x1c  TaskAppTestProcess.o [1]
  .rodata            const    0x08050270     0x1c  TaskAppTestProcess.o [1]
  .rodata            const    0x0805028c     0x1c  TaskAppTestProcess.o [1]
  .rodata            const    0x080502a8     0x1c  TaskAppTestProcess.o [1]
  .rodata            const    0x080502c4     0x1c  TaskAppTestProcess.o [1]
  .rodata            const    0x080502e0     0x1c  TaskAppTestProcess.o [1]
  .rodata            const    0x080502fc     0x1c  TaskAppTestProcess.o [1]
  .rodata            const    0x08050318     0x1c  TaskAppTestProcess.o [1]
  .rodata            const    0x08050334     0x1c  TaskAppTestProcess.o [1]
  .rodata            const    0x08050350     0x1c  TaskAppTestProcess.o [1]
  .rodata            const    0x0805036c     0x1c  TaskAppTestProcess.o [1]
  .rodata            const    0x08050388     0x1c  TaskAppTestProcess.o [1]
  .rodata            const    0x080503a4     0x1c  TaskAppTestProcess.o [1]
  .rodata            const    0x080503c0     0x1c  TaskAppTestProcess.o [1]
  .rodata            const    0x080503dc     0x1c  TaskAppTestProcess.o [1]
  .rodata            const    0x080503f8     0x1c  TaskAppTestProcess.o [1]
  .rodata            const    0x08050414     0x1c  TaskAppTestProcess.o [1]
  .rodata            const    0x08050430     0x1c  TaskAppTestProcess.o [1]
  .rodata            const    0x0805044c     0x1c  TaskAppTestProcess.o [1]
  .rodata            const    0x08050468     0x1c  TaskAppTestProcess.o [1]
  .rodata            const    0x08050484     0x1c  TaskAppTestProcess.o [1]
  .rodata            const    0x080504a0     0x1c  TaskAppTestProcess.o [1]
  .rodata            const    0x080504bc     0x1c  TaskAppTestProcess.o [1]
  .rodata            const    0x080504d8     0x1c  TaskAppTestProcess.o [1]
  .rodata            const    0x080504f4     0x1c  TaskAppTestProcess.o [1]
  .rodata            const    0x08050510     0x1c  TaskAppTestProcess.o [1]
  .rodata            const    0x0805052c     0x1c  TaskAppTestProcess.o [1]
  .rodata            const    0x08050548     0x1c  TaskAppTestProcess.o [1]
  .rodata            const    0x08050564     0x1c  TaskAppTestProcess.o [1]
  .rodata            const    0x08050580     0x1c  TaskAppTestProcess.o [1]
  .rodata            const    0x0805059c     0x1c  TaskAppTestProcess.o [1]
  .rodata            const    0x080505b8     0x1c  TaskAppTestProcess.o [1]
  .rodata            const    0x080505d4     0x1c  TaskAppTestProcess.o [1]
  .rodata            const    0x080505f0     0x1c  TaskAppTestProcess.o [1]
  .rodata            const    0x0805060c     0x1c  TaskAppTestProcess.o [1]
  .rodata            const    0x08050628     0x1c  TaskAppTestProcess.o [1]
  .rodata            const    0x08050644     0x1c  TaskAppTestProcess.o [1]
  .rodata            const    0x08050660     0x1c  TaskAppTestProcess.o [1]
  .rodata            const    0x0805067c     0x1c  TaskAppTestProcess.o [1]
  .rodata            const    0x08050698     0x1c  TaskAppTestProcess.o [1]
  .rodata            const    0x080506b4     0x1c  TaskAppTestProcess.o [1]
  .rodata            const    0x080506d0     0x1c  TaskAppTestProcess.o [1]
  .rodata            const    0x080506ec     0x1c  TaskAppTestProcess.o [1]
  .rodata            const    0x08050708     0x1c  TaskAppTestProcess.o [1]
  .rodata            const    0x08050724     0x1c  TaskAppTestProcess.o [1]
  .rodata            const    0x08050740     0x1c  TaskAppTestProcess.o [1]
  .rodata            const    0x0805075c     0x1c  TaskAppTestProcess.o [1]
  .rodata            const    0x08050778     0x1c  TaskAppTestProcess.o [1]
  .rodata            const    0x08050794     0x1c  TaskAppTestProcess.o [1]
  .rodata            const    0x080507b0     0x1c  TaskAppTestProcess.o [1]
  .rodata            const    0x080507cc     0x1c  TaskAppTestProcess.o [1]
  .rodata            const    0x080507e8     0x1c  TaskAppTestProcess.o [1]
  .rodata            const    0x08050804     0x1c  TaskAppTestProcess.o [1]
  .rodata            const    0x08050820     0x1c  TaskServiceCan1Recv.o [1]
  .rodata            const    0x0805083c     0x1c  TaskServiceCan1Recv.o [1]
  .rodata            const    0x08050858     0x1c  TaskServiceCan1Recv.o [1]
  .rodata            const    0x08050874     0x1c  TaskServiceCan1Recv.o [1]
  .rodata            const    0x08050890     0x1c  TaskServiceCupStackManagement.o [1]
  .rodata            const    0x080508ac     0x1c  TaskServiceDishReactionAndMixReagent.o [1]
  .rodata            const    0x080508c8     0x1c  TaskServiceDishReactionAndMixReagent.o [1]
  .rodata            const    0x080508e4     0x1c  TaskServiceDishReagent.o [1]
  .rodata            const    0x08050900     0x1c  TaskServiceDishWashAndMixLiquidA.o [1]
  .rodata            const    0x0805091c     0x1c  TaskServiceDishWashAndMixLiquidA.o [1]
  .rodata            const    0x08050938     0x1c  TaskServiceHandCup.o [1]
  .rodata            const    0x08050954     0x1c  TaskServiceHandCup.o [1]
  .rodata            const    0x08050970     0x1c  TaskServiceHandCup.o [1]
  .rodata            const    0x0805098c     0x1c  TaskServiceHandCup.o [1]
  .rodata            const    0x080509a8     0x1c  TaskServiceHandCup.o [1]
  .rodata            const    0x080509c4     0x1c  TaskServiceHandCup.o [1]
  .rodata            const    0x080509e0     0x1c  TaskServiceLiquidAutoProc.o [1]
  .rodata            const    0x080509fc     0x1c  TaskServiceMeasureRoomAndLiquidB.o [1]
  .rodata            const    0x08050a18     0x1c  TaskServiceNeedleSample.o [1]
  .rodata            const    0x08050a34     0x1c  TaskServiceNeedleWash.o [1]
  .rodata            const    0x08050a50     0x1c  TaskServiceRankPathWay.o [1]
  .rodata            const    0x08050a6c     0x1c  TaskServiceRankPathWay.o [1]
  .rodata            const    0x08050a88     0x1c  TaskStart.o [1]
  .rodata            const    0x08050aa4     0x1c  TaskStart.o [1]
  .rodata            const    0x08050ac0     0x1c  TaskStart.o [1]
  .rodata            const    0x08050adc     0x1c  TestProc_dlist.o [1]
  .rodata            const    0x08050af8     0x1c  TestProc_React.o [1]
  .rodata            const    0x08050b14     0x1c  TestProc_ReagentDisk.o [1]
  .rodata            const    0x08050b30     0x1c  TestProc_ReagentDisk.o [1]
  .rodata            const    0x08050b4c     0x1c  TestProc_ReagentDisk.o [1]
  .rodata            const    0x08050b68     0x1c  TestProc_ReagentDisk.o [1]
  .rodata            const    0x08050b84     0x1c  TestProc_Sample.o [1]
  .rodata            const    0x08050ba0     0x1c  TestProc_testData.o [1]
  .rodata            const    0x08050bbc     0x1c  TestProc_testData.o [1]
  .rodata            const    0x08050bd8     0x1c  TestProc_Wash.o [1]
  .rodata            const    0x08050bf4     0x1c  TSC_CupStackManagement.o [1]
  .rodata            const    0x08050c10     0x1c  TSC_DishReactionAndMixReagent.o [1]
  .rodata            const    0x08050c2c     0x1c  TSC_DishWashAndMixLiquidA.o [1]
  .text              ro code  0x08050c48     0x1a  cmain.o [5]
  .text              ro code  0x08050c62      0x4  exit.o [3]
  .rodata            const    0x08050c66      0x1  os_dbg.o [1]
  .rodata            const    0x08050c67      0x1  os_dbg.o [1]
  .text              ro code  0x08050c68      0xa  cexit.o [5]
  .rodata            const    0x08050c72      0x1  os_dbg.o [1]
  .rodata            const    0x08050c73      0x1  os_dbg.o [1]
  .rodata            const    0x08050c74     0x18  ActionDishReactionAndMixReagent.o [1]
  .rodata            const    0x08050c8c     0x18  ActionDishReactionAndMixReagent.o [1]
  .rodata            const    0x08050ca4     0x18  ActionDishReagent.o [1]
  .rodata            const    0x08050cbc     0x18  ActionDishWashAndMixLiquidA.o [1]
  .rodata            const    0x08050cd4     0x18  ActionDishWashAndMixLiquidA.o [1]
  .rodata            const    0x08050cec     0x18  ActionDishWashAndMixLiquidA.o [1]
  .rodata            const    0x08050d04     0x18  ActionHandCup.o [1]
  .rodata            const    0x08050d1c     0x18  ActionHandCup.o [1]
  .rodata            const    0x08050d34     0x18  ActionHandCup.o [1]
  .rodata            const    0x08050d4c     0x18  ActionMeasureRoomAndLiquidB.o [1]
  .rodata            const    0x08050d64     0x18  ActionNeedleSample.o [1]
  .rodata            const    0x08050d7c     0x18  ActionNeedleWash.o [1]
  .rodata            const    0x08050d94     0x18  ActionRankPathWay.o [1]
  .rodata            const    0x08050dac     0x18  MCU_Can.o [1]
  .rodata            const    0x08050dc4     0x18  os_tmr.o [1]
  .rodata            const    0x08050ddc     0x18  SystemConfig.o [1]
  .rodata            const    0x08050df4     0x18  SystemConfig.o [1]
  .rodata            const    0x08050e0c     0x18  TaskAppTestProcess.o [1]
  .rodata            const    0x08050e24     0x18  TaskAppTestProcess.o [1]
  .rodata            const    0x08050e3c     0x18  TaskAppTestProcess.o [1]
  .rodata            const    0x08050e54     0x18  TaskAppTestProcess.o [1]
  .rodata            const    0x08050e6c     0x18  TaskAppTestProcess.o [1]
  .rodata            const    0x08050e84     0x18  TaskAppTestProcess.o [1]
  .rodata            const    0x08050e9c     0x18  TaskAppTestProcess.o [1]
  .rodata            const    0x08050eb4     0x18  TaskAppTestProcess.o [1]
  .rodata            const    0x08050ecc     0x18  TaskAppTestProcess.o [1]
  .rodata            const    0x08050ee4     0x18  TaskAppTestProcess.o [1]
  .rodata            const    0x08050efc     0x18  TaskAppTestProcess.o [1]
  .rodata            const    0x08050f14     0x18  TaskAppTestProcess.o [1]
  .rodata            const    0x08050f2c     0x18  TaskAppTestProcess.o [1]
  .rodata            const    0x08050f44     0x18  TaskAppTestProcess.o [1]
  .rodata            const    0x08050f5c     0x18  TaskAppTestProcess.o [1]
  .rodata            const    0x08050f74     0x18  TaskAppTestProcess.o [1]
  .rodata            const    0x08050f8c     0x18  TaskAppTestProcess.o [1]
  .rodata            const    0x08050fa4     0x18  TaskAppTestProcess.o [1]
  .rodata            const    0x08050fbc     0x18  TaskAppTestProcess.o [1]
  .rodata            const    0x08050fd4     0x18  TaskAppTestProcess.o [1]
  .rodata            const    0x08050fec     0x18  TaskAppTestProcess.o [1]
  .rodata            const    0x08051004     0x18  TaskAppTestProcess.o [1]
  .rodata            const    0x0805101c     0x18  TaskAppTestProcess.o [1]
  .rodata            const    0x08051034     0x18  TaskAppTestProcess.o [1]
  .rodata            const    0x0805104c     0x18  TaskAppTestProcess.o [1]
  .rodata            const    0x08051064     0x18  TaskAppTestProcess.o [1]
  .rodata            const    0x0805107c     0x18  TaskAppTestProcess.o [1]
  .rodata            const    0x08051094     0x18  TaskAppTestProcess.o [1]
  .rodata            const    0x080510ac     0x18  TaskAppTestProcess.o [1]
  .rodata            const    0x080510c4     0x18  TaskAppTestProcess.o [1]
  .rodata            const    0x080510dc     0x18  TaskAppTestProcess.o [1]
  .rodata            const    0x080510f4     0x18  TaskAppTestProcess.o [1]
  .rodata            const    0x0805110c     0x18  TaskAppTestProcess.o [1]
  .rodata            const    0x08051124     0x18  TaskAppTestProcess.o [1]
  .rodata            const    0x0805113c     0x18  TaskAppTestProcess.o [1]
  .rodata            const    0x08051154     0x18  TaskAppTestProcess.o [1]
  .rodata            const    0x0805116c     0x18  TaskAppTestProcess.o [1]
  .rodata            const    0x08051184     0x18  TaskAppTestProcess.o [1]
  .rodata            const    0x0805119c     0x18  TaskAppTestProcess.o [1]
  .rodata            const    0x080511b4     0x18  TaskAppTestProcess.o [1]
  .rodata            const    0x080511cc     0x18  TaskAppTestProcess.o [1]
  .rodata            const    0x080511e4     0x18  TaskAppTestProcess.o [1]
  .rodata            const    0x080511fc     0x18  TaskAppTestProcess.o [1]
  .rodata            const    0x08051214     0x18  TaskAppTestProcess.o [1]
  .rodata            const    0x0805122c     0x18  TaskAppTestProcess.o [1]
  .rodata            const    0x08051244     0x18  TaskAppTestProcess.o [1]
  .rodata            const    0x0805125c     0x18  TaskAppTestProcess.o [1]
  .rodata            const    0x08051274     0x18  TaskAppTestProcess.o [1]
  .rodata            const    0x0805128c     0x18  TaskAppTestProcess.o [1]
  .rodata            const    0x080512a4     0x18  TaskAppTestProcess.o [1]
  .rodata            const    0x080512bc     0x18  TaskAppTestProcess.o [1]
  .rodata            const    0x080512d4     0x18  TaskAppTestProcess.o [1]
  .rodata            const    0x080512ec     0x18  TaskAppTestProcess.o [1]
  .rodata            const    0x08051304     0x18  TaskAppTestProcess.o [1]
  .rodata            const    0x0805131c     0x18  TaskAppTestProcess.o [1]
  .rodata            const    0x08051334     0x18  TaskAppTestProcess.o [1]
  .rodata            const    0x0805134c     0x18  TaskAppTestProcess.o [1]
  .rodata            const    0x08051364     0x18  TaskAppTestProcess.o [1]
  .rodata            const    0x0805137c     0x18  TaskAppTestProcess.o [1]
  .rodata            const    0x08051394     0x18  TaskAppTestProcess.o [1]
  .rodata            const    0x080513ac     0x18  TaskAppTestProcess.o [1]
  .rodata            const    0x080513c4     0x18  TaskAppTestProcess.o [1]
  .rodata            const    0x080513dc     0x18  TaskAppTestProcess.o [1]
  .rodata            const    0x080513f4     0x18  TaskAppTestProcess.o [1]
  .rodata            const    0x0805140c     0x18  TaskAppTestProcess.o [1]
  .rodata            const    0x08051424     0x18  TaskAppTestProcess.o [1]
  .rodata            const    0x0805143c     0x18  TaskAppTestProcess.o [1]
  .rodata            const    0x08051454     0x18  TaskAppTestProcess.o [1]
  .rodata            const    0x0805146c     0x18  TaskAppTestProcess.o [1]
  .rodata            const    0x08051484     0x18  TaskAppTestProcess.o [1]
  .rodata            const    0x0805149c     0x18  TaskAppTestProcess.o [1]
  .rodata            const    0x080514b4     0x18  TaskAppTestProcess.o [1]
  .rodata            const    0x080514cc     0x18  TaskAppTestProcess.o [1]
  .rodata            const    0x080514e4     0x18  TaskAppTestProcess.o [1]
  .rodata            const    0x080514fc     0x18  TaskAppTestProcess.o [1]
  .rodata            const    0x08051514     0x18  TaskAppTestProcess.o [1]
  .rodata            const    0x0805152c     0x18  TaskAppTestProcess.o [1]
  .rodata            const    0x08051544     0x18  TaskAppTestProcess.o [1]
  .rodata            const    0x0805155c     0x18  TaskAppTestProcess.o [1]
  .rodata            const    0x08051574     0x18  TaskAppTestProcess.o [1]
  .rodata            const    0x0805158c     0x18  TaskServiceCan1Recv.o [1]
  .rodata            const    0x080515a4     0x18  TaskServiceCan1Recv.o [1]
  .rodata            const    0x080515bc     0x18  TaskServiceCan1Recv.o [1]
  .rodata            const    0x080515d4     0x18  TaskServiceDebug.o [1]
  .rodata            const    0x080515ec     0x18  TaskServiceDishReagent.o [1]
  .rodata            const    0x08051604     0x18  TaskServiceHandCup.o [1]
  .rodata            const    0x0805161c     0x18  TaskServiceHandCup.o [1]
  .rodata            const    0x08051634     0x18  TaskServiceHandCup.o [1]
  .rodata            const    0x0805164c     0x18  TaskServiceHandCup.o [1]
  .rodata            const    0x08051664     0x18  TaskServiceHandCup.o [1]
  .rodata            const    0x0805167c     0x18  TaskServiceLiquidInjectA.o [1]
  .rodata            const    0x08051694     0x18  TaskServiceLiquidInjectA.o [1]
  .rodata            const    0x080516ac     0x18  TaskServiceMeasureRoomAndLiquidB.o [1]
  .rodata            const    0x080516c4     0x18  TaskServiceMixBead.o [1]
  .rodata            const    0x080516dc     0x18  TaskServiceMixBead.o [1]
  .rodata            const    0x080516f4     0x18  TaskServiceNeedleReagentAndBead.o [1]
  .rodata            const    0x0805170c     0x18  TaskServiceNeedleReagentAndBead.o [1]
  .rodata            const    0x08051724     0x18  TaskServiceNeedleReagentAndBead.o [1]
  .rodata            const    0x0805173c     0x18  TaskServiceNeedleReagentAndBead.o [1]
  .rodata            const    0x08051754     0x18  TaskServiceNeedleReagentAndBead.o [1]
  .rodata            const    0x0805176c     0x18  TaskServiceNeedleReagentAndBead.o [1]
  .rodata            const    0x08051784     0x18  TaskServiceNeedleSample.o [1]
  .rodata            const    0x0805179c     0x18  TaskServiceNeedleSample.o [1]
  .rodata            const    0x080517b4     0x18  TaskServiceNeedleSample.o [1]
  .rodata            const    0x080517cc     0x18  TaskServiceNeedleSample.o [1]
  .rodata            const    0x080517e4     0x18  TaskServiceNeedleSample.o [1]
  .rodata            const    0x080517fc     0x18  TaskServiceNeedleWash.o [1]
  .rodata            const    0x08051814     0x18  TaskServiceNeedleWash.o [1]
  .rodata            const    0x0805182c     0x18  TaskServiceQRScan.o [1]
  .rodata            const    0x08051844     0x18  TaskServiceQRScan.o [1]
  .rodata            const    0x0805185c     0x18  TaskServiceRankPathWay.o [1]
  .rodata            const    0x08051874     0x18  TaskServiceRankPathWay.o [1]
  .rodata            const    0x0805188c     0x18  TaskServiceRankPathWay.o [1]
  .rodata            const    0x080518a4     0x18  TaskServiceTemperatureControl.o [1]
  .rodata            const    0x080518bc     0x18  TaskStart.o [1]
  .rodata            const    0x080518d4     0x18  TaskStart.o [1]
  .rodata            const    0x080518ec     0x18  TaskStart.o [1]
  .rodata            const    0x08051904     0x18  TaskStart.o [1]
  .rodata            const    0x0805191c     0x18  TaskStart.o [1]
  .rodata            const    0x08051934     0x18  TaskStart.o [1]
  .rodata            const    0x0805194c     0x18  TaskStart.o [1]
  .rodata            const    0x08051964     0x18  TaskStart.o [1]
  .rodata            const    0x0805197c     0x18  TaskStart.o [1]
  .rodata            const    0x08051994     0x18  TaskStart.o [1]
  .rodata            const    0x080519ac     0x18  TestProc_CupStack.o [1]
  .rodata            const    0x080519c4     0x18  TestProc_CupStack.o [1]
  .rodata            const    0x080519dc     0x18  TestProc_HandCup.o [1]
  .rodata            const    0x080519f4     0x18  TestProc_HandCup.o [1]
  .rodata            const    0x08051a0c     0x18  TestProc_HandCup.o [1]
  .rodata            const    0x08051a24     0x18  TestProc_React.o [1]
  .rodata            const    0x08051a3c     0x18  TestProc_React.o [1]
  .rodata            const    0x08051a54     0x18  TestProc_React.o [1]
  .rodata            const    0x08051a6c     0x18  TestProc_Reagent.o [1]
  .rodata            const    0x08051a84     0x18  TestProc_ReagentDisk.o [1]
  .rodata            const    0x08051a9c     0x18  TestProc_ReagentDisk.o [1]
  .rodata            const    0x08051ab4     0x18  TestProc_Sample.o [1]
  .rodata            const    0x08051acc     0x18  TestProc_Sample.o [1]
  .rodata            const    0x08051ae4     0x18  TestProc_Sample.o [1]
  .rodata            const    0x08051afc     0x18  TestProc_Wash.o [1]
  .rodata            const    0x08051b14     0x18  TSC_HandCup.o [1]
  .rodata            const    0x08051b2c     0x18  TSC_NeedleReagentAndBead.o [1]
  .rodata            const    0x08051b44     0x14  ActionDishReactionAndMixReagent.o [1]
  .rodata            const    0x08051b58     0x14  ActionDishWashAndMixLiquidA.o [1]
  .rodata            const    0x08051b6c     0x14  ActionMixBead.o [1]
  .rodata            const    0x08051b80     0x14  ActionMixBead.o [1]
  .rodata            const    0x08051b94     0x14  ActionMixBead.o [1]
  .rodata            const    0x08051ba8     0x14  BoardInOutConfig.o [1]
  .rodata            const    0x08051bbc     0x14  BoardInOutConfig.o [1]
  .rodata            const    0x08051bd0     0x14  Can2ProcMain.o [1]
  .rodata            const    0x08051be4     0x14  os_core.o [1]
  .rodata            const    0x08051bf8     0x14  os_stat.o [1]
  .rodata            const    0x08051c0c     0x14  SystemConfig.o [1]
  .rodata            const    0x08051c20     0x14  SystemConfig.o [1]
  .rodata            const    0x08051c34     0x14  TaskAppTestProcess.o [1]
  .rodata            const    0x08051c48     0x14  TaskAppTestProcess.o [1]
  .rodata            const    0x08051c5c     0x14  TaskAppTestProcess.o [1]
  .rodata            const    0x08051c70     0x14  TaskAppTestProcess.o [1]
  .rodata            const    0x08051c84     0x14  TaskAppTestProcess.o [1]
  .rodata            const    0x08051c98     0x14  TaskAppTestProcess.o [1]
  .rodata            const    0x08051cac     0x14  TaskAppTestProcess.o [1]
  .rodata            const    0x08051cc0     0x14  TaskAppTestProcess.o [1]
  .rodata            const    0x08051cd4     0x14  TaskAppTestProcess.o [1]
  .rodata            const    0x08051ce8     0x14  TaskAppTestProcess.o [1]
  .rodata            const    0x08051cfc     0x14  TaskAppTestProcess.o [1]
  .rodata            const    0x08051d10     0x14  TaskAppTestProcess.o [1]
  .rodata            const    0x08051d24     0x14  TaskAppTestProcess.o [1]
  .rodata            const    0x08051d38     0x14  TaskAppTestProcess.o [1]
  .rodata            const    0x08051d4c     0x14  TaskAppTestProcess.o [1]
  .rodata            const    0x08051d60     0x14  TaskAppTestProcess.o [1]
  .rodata            const    0x08051d74     0x14  TaskAppTestProcess.o [1]
  .rodata            const    0x08051d88     0x14  TaskAppTestProcess.o [1]
  .rodata            const    0x08051d9c     0x14  TaskAppTestProcess.o [1]
  .rodata            const    0x08051db0     0x14  TaskAppTestProcess.o [1]
  .rodata            const    0x08051dc4     0x14  TaskAppTestProcess.o [1]
  .rodata            const    0x08051dd8     0x14  TaskAppTestProcess.o [1]
  .rodata            const    0x08051dec     0x14  TaskAppTestProcess.o [1]
  .rodata            const    0x08051e00     0x14  TaskAppTestProcess.o [1]
  .rodata            const    0x08051e14     0x14  TaskAppTestProcess.o [1]
  .rodata            const    0x08051e28     0x14  TaskAppTestProcess.o [1]
  .rodata            const    0x08051e3c     0x14  TaskAppTestProcess.o [1]
  .rodata            const    0x08051e50     0x14  TaskAppTestProcess.o [1]
  .rodata            const    0x08051e64     0x14  TaskAppTestProcess.o [1]
  .rodata            const    0x08051e78     0x14  TaskAppTestProcess.o [1]
  .rodata            const    0x08051e8c     0x14  TaskAppTestProcess.o [1]
  .rodata            const    0x08051ea0     0x14  TaskAppTestProcess.o [1]
  .rodata            const    0x08051eb4     0x14  TaskAppTestProcess.o [1]
  .rodata            const    0x08051ec8     0x14  TaskAppTestProcess.o [1]
  .rodata            const    0x08051edc     0x14  TaskAppTestProcess.o [1]
  .rodata            const    0x08051ef0     0x14  TaskAppTestProcess.o [1]
  .rodata            const    0x08051f04     0x14  TaskAppTestProcess.o [1]
  .rodata            const    0x08051f18     0x14  TaskAppTestProcess.o [1]
  .rodata            const    0x08051f2c     0x14  TaskAppTestProcess.o [1]
  .rodata            const    0x08051f40     0x14  TaskAppTestProcess.o [1]
  .rodata            const    0x08051f54     0x14  TaskAppTestProcess.o [1]
  .rodata            const    0x08051f68     0x14  TaskAppTestProcess.o [1]
  .rodata            const    0x08051f7c     0x14  TaskAppTestProcess.o [1]
  .rodata            const    0x08051f90     0x14  TaskAppTestProcess.o [1]
  .rodata            const    0x08051fa4     0x14  TaskAppTestProcess.o [1]
  .rodata            const    0x08051fb8     0x14  TaskAppTestProcess.o [1]
  .rodata            const    0x08051fcc     0x14  TaskAppTestProcess.o [1]
  .rodata            const    0x08051fe0     0x14  TaskAppTestProcess.o [1]
  .rodata            const    0x08051ff4     0x14  TaskAppTestProcess.o [1]
  .rodata            const    0x08052008     0x14  TaskAppTestProcess.o [1]
  .rodata            const    0x0805201c     0x14  TaskAppTestProcess.o [1]
  .rodata            const    0x08052030     0x14  TaskAppTestProcess.o [1]
  .rodata            const    0x08052044     0x14  TaskAppTestProcess.o [1]
  .rodata            const    0x08052058     0x14  TaskAppTestProcess.o [1]
  .rodata            const    0x0805206c     0x14  TaskAppTestProcess.o [1]
  .rodata            const    0x08052080     0x14  TaskAppTestProcess.o [1]
  .rodata            const    0x08052094     0x14  TaskAppTestProcess.o [1]
  .rodata            const    0x080520a8     0x14  TaskAppTestProcess.o [1]
  .rodata            const    0x080520bc     0x14  TaskAppTestProcess.o [1]
  .rodata            const    0x080520d0     0x14  TaskAppTestProcess.o [1]
  .rodata            const    0x080520e4     0x14  TaskAppTestProcess.o [1]
  .rodata            const    0x080520f8     0x14  TaskServiceCan1Recv.o [1]
  .rodata            const    0x0805210c     0x14  TaskServiceCupStackManagement.o [1]
  .rodata            const    0x08052120     0x14  TaskServiceDishReactionAndMixReagent.o [1]
  .rodata            const    0x08052134     0x14  TaskServiceDishReactionAndMixReagent.o [1]
[...]
g_stConveyorBeltWork    0x08051ae4     0x18  Data  Lc  TestProc_Sample.o [1]
g_stCupStackState       0x0804f478     0x24  Data  Lc  TestProc_CupStack.o [1]
g_stDListNodeMemPool    0x2001b5dc     0x20  Data  Lc  TestProc_dlist.o [1]
g_stEmTestDataList      0x2001b7b8      0xc  Data  Lc  TestProc_testData.o [1]
g_stHandCupWorkState    0x0804d37c     0x84  Data  Lc  TestProc_HandCup.o [1]
g_stMeasureRoomWorkState
                        0x0804e058     0x3c  Data  Lc  TestProc_Wash.o [1]
g_stMutexForCan1        0x2001b1e0     0x30  Data  Lc  TaskServiceCan1Recv.o [1]
g_stReact02Timer        0x2001b240     0x30  Data  Lc  TestProc_React.o [1]
g_stReact09Timer        0x2001b270     0x30  Data  Lc  TestProc_React.o [1]
g_stReact23Timer        0x2001b210     0x30  Data  Lc  TestProc_React.o [1]
g_stReact31Timer        0x2001b2a0     0x30  Data  Lc  TestProc_React.o [1]
g_stReactWorkState      0x0804d5f0     0x6c  Data  Lc  TestProc_React.o [1]
g_stReagentDiskState    0x08051a9c     0x18  Data  Lc  TestProc_ReagentDisk.o [1]
g_stReagentMulty        0x20018e80    0x284  Data  Lc  TaskAppTestProcess.o [1]
g_stReagentWorkState    0x0804cf3c     0xcc  Data  Lc  TestProc_Reagent.o [1]
g_stSampleWork          0x0804d8c4     0x48  Data  Lc  TestProc_Sample.o [1]
g_stSimulateItem        0x2001c080     0x30  Data  Lc  TaskAppTestProcess.o [1]
g_stStatusReportTimer   0x2001b150     0x30  Data  Lc  TaskAppTestProcess.o [1]
g_stTestDataList        0x2001b7ac      0xc  Data  Lc  TestProc_testData.o [1]
g_stTestDataMemPool     0x2001b5fc     0x20  Data  Lc  TestProc_testData.o [1]
g_stTestTimer           0x2001b180     0x30  Data  Lc  TaskAppTestProcess.o [1]
g_stWarningCode         0x0804c55c    0x214  Data  Gb  TestProc_Warning.o [1]
g_stWashDiskRotateTimer
                        0x2001b1b0     0x30  Data  Lc  TaskAppTestProcess.o [1]
g_stWashWorkState       0x0804e4e0     0x30  Data  Lc  TestProc_Wash.o [1]
g_strCupStackWorkName   0x0804e3f0     0x30  Data  Lc  TestProc_CupStack.o [1]
g_strSampleWorkName     0x0804d724     0x60  Data  Lc  TestProc_Sample.o [1]
g_u16AccuracyTestQuantity
                        0x2001b918      0x2  Data  Lc  TaskAppTestProcess.o [1]
g_u16CheckCountPerSec   0x2001b914      0x2  Data  Lc  SystemConfig.o [1]
g_u16MQuantity          0x2001b942      0x2  Data  Lc  TestProc_Reagent.o [1]
g_u16MSeparationQuantity
                        0x2001b916      0x2  Data  Lc  TaskAppTestProcess.o [1]
g_u16MixTimeRM1         0x2001b93c      0x2  Data  Lc  TestProc_React.o [1]
g_u16MixTimeRM2         0x2001b93e      0x2  Data  Lc  TestProc_React.o [1]
g_u16Quantity           0x2001b940      0x2  Data  Lc  TestProc_Reagent.o [1]
g_u16Quantity           0x2001b944      0x2  Data  Lc  TestProc_Sample.o [1]
g_u16ReagentLiquitLevel
                        0x2001a4d8     0xf0  Data  Lc  TaskAppTestProcess.o [1]
g_u16UartDataSize       0x2001b912      0x2  Data  Lc  SystemConfig.o [1]
g_u16UartRxIndex        0x2001b910      0x2  Data  Lc  SystemConfig.o [1]
g_u32MSeparationMixTime
                        0x2001b8cc      0x4  Data  Lc  TaskAppTestProcess.o [1]
g_u32MSeparationTestID  0x2001b8c8      0x4  Data  Lc  TaskAppTestProcess.o [1]
g_u32MaintainWorkFlag   0x2001b8d0      0x4  Data  Lc  TaskAppTestProcess.o [1]
g_u32Trigger02Count     0x2001b8e8      0x4  Data  Lc  TestProc_React.o [1]
g_u32Trigger09Count     0x2001b8ec      0x4  Data  Lc  TestProc_React.o [1]
g_u32Trigger23Count     0x2001b8e4      0x4  Data  Lc  TestProc_React.o [1]
g_u32Trigger31Count     0x2001b8f0      0x4  Data  Lc  TestProc_React.o [1]
g_u8CupStackCol         0x2001b98a      0x1  Data  Lc  TestProc_HandCup.o [1]
g_u8CupStackRow         0x2001b989      0x1  Data  Lc  TestProc_HandCup.o [1]
g_u8MixMask             0x2001b98f      0x1  Data  Lc  TestProc_React.o [1]
g_u8ReactReset_OneShot  0x2001b963      0x1  Data  Lc  TaskAppTestProcess.o [1]
g_u8ReagentDiskPos      0x2001b994      0x1  Data  Lc  TestProc_Reagent.o [1]
g_u8ReagentDiskReset_OneShot
                        0x2001b960      0x1  Data  Lc  TaskAppTestProcess.o [1]
g_u8ReagentDiskShakeEnable
                        0x2001c0e5      0x1  Data  Lc  TaskAppTestProcess.o [1]
g_u8ReagentOffset       0x2001b996      0x1  Data  Lc  TestProc_ReagentDisk.o [1]
g_u8ReagentPos          0x2001b995      0x1  Data  Lc  TestProc_ReagentDisk.o [1]
g_u8ReagentScanPos      0x2001b590     0x28  Data  Lc  TaskAppTestProcess.o [1]
g_u8SamplePos           0x2001c0e7      0x1  Data  Lc  TestProc_Sample.o [1]
g_u8SamplePosChanged    0x2001c0e8      0x1  Data  Lc  TestProc_Sample.o [1]
g_u8TestProc_ResetMask  0x2001b95f      0x1  Data  Lc  TaskAppTestProcess.o [1]
g_u8TrackReset_OneShot  0x2001b962      0x1  Data  Lc  TaskAppTestProcess.o [1]
g_u8UartRxBuf           0x20019904    0x200  Data  Lc  SystemConfig.o [1]
g_u8UartRxState         0x2001b958      0x1  Data  Lc  SystemConfig.o [1]
g_u8WashAccuracyMask    0x2001b96a      0x1  Data  Lc  TaskAppTestProcess.o [1]
g_u8WashDiskReset_OneShot
                        0x2001b961      0x1  Data  Lc  TaskAppTestProcess.o [1]
g_u8WashWorkMask        0x2001b9a1      0x1  Data  Lc  TestProc_Wash.o [1]
gabyModbusCRCHi         0x0804cd3c    0x100  Data  Gb  SystemUartRSUtil.o [1]
gabyModbusCRCLo         0x0804ce3c    0x100  Data  Gb  SystemUartRSUtil.o [1]
keybuff                 0x2001b938      0x2  Data  Lc  TaskServiceHeart.o [1]
keyscan                 0x0804cc99     0x90  Code  Gb  TaskServiceHeart.o [1]
keyscan::keyflag1       0x2001b980      0x1  Data  Lc  TaskServiceHeart.o [1]
keyscan::keyflag2       0x2001b981      0x1  Data  Lc  TaskServiceHeart.o [1]
ldexp                   0x080394b9           Code  Gb  ldexp.o [4]
ldexpl                  0x080394b9           Code  Gb  ldexp.o [4]
localeconv              0x080390a1      0x4  Code  Gb  xlocale_c.o [3]
main                    0x0804d2c9     0x90  Code  Gb  SystemMain.o [1]
memchr                  0x08039031           Code  Gb  memchr.o [5]
mutexMCU_CAN1           0x2001afd0     0x30  Data  Lc  MCU_Can.o [1]
mutexMCU_CAN2           0x2001b000     0x30  Data  Lc  MCU_Can.o [1]
mutexMCU_Uart1          0x2001b060     0x30  Data  Lc  MCU_Uart1.o [1]
mutexMCU_Uart2          0x2001b090     0x30  Data  Lc  MCU_Uart2.o [1]
mutexMCU_Uart3          0x2001b0c0     0x30  Data  Lc  MCU_Uart3.o [1]
mutexMCU_Uart6          0x2001b0f0     0x30  Data  Lc  MCU_Uart6.o [1]
mutexWithTSC_BeadMix    0x2001b420     0x30  Data  Lc  TSC_MixBead.o [1]
mutexWithTSC_DishReactionLiquidAMix
                        0x2001b360     0x30  Data  Lc  TSC_DishWashAndMixLiquidA.o [1]
mutexWithTSC_DishReactionReagentMix
                        0x2001b300     0x30  Data  Lc  TSC_DishReactionAndMixReagent.o [1]
mutexWithTSC_DishReagent
                        0x2001b330     0x30  Data  Lc  TSC_DishReagent.o [1]
mutexWithTSC_HandCup    0x2001b390     0x30  Data  Lc  TSC_HandCup.o [1]
mutexWithTSC_LiquidInjectA
                        0x2001b3c0     0x30  Data  Lc  TSC_LiquidInjectA.o [1]
mutexWithTSC_MeasureRoom
                        0x2001b3f0     0x30  Data  Lc  TSC_MeasureRoomAndLiquidB.o [1]
mutexWithTSC_NeedleReagentBead
                        0x2001b450     0x30  Data  Lc  TSC_NeedleReagentAndBead.o [1]
mutexWithTSC_NeedleSample
                        0x2001b480     0x30  Data  Lc  TSC_NeedleSample.o [1]
mutexWithTSC_NeedleWash
                        0x2001b4b0     0x30  Data  Lc  TSC_NeedleWash.o [1]
mutexWithTSC_QRCodeScan
                        0x2001b4e0     0x30  Data  Lc  TSC_QRScan.o [1]
mutexWithTSC_RankPathWay
                        0x2001b510     0x30  Data  Lc  TSC_RankPathWay.o [1]
mutexWithTSC_StackManage
                        0x2001b2d0     0x30  Data  Lc  TSC_CupStackManagement.o [1]
pinIndexArray           0x0804f958     0x20  Data  Lc  MCU_Port.o [1]
recvBufferPC            0x2001b7a0      0xc  Data  Lc  TaskServiceUart3RS1Action.o [1]
recvLengthPC            0x2001b982      0x1  Data  Lc  TaskServiceUart3RS1Action.o [1]
resultDataTSC_BeadMix   0x2001b7d0      0xc  Data  Lc  TSC_MixBead.o [1]
resultDataTSC_DishReactionReagentMix
                        0x2001b6e8     0x10  Data  Lc  TSC_DishReactionAndMixReagent.o [1]
resultDataTSC_DishReagent
                        0x2001b6f8     0x10  Data  Lc  TSC_DishReagent.o [1]
resultDataTSC_DishWashLiquidAMix
                        0x2001b708     0x10  Data  Lc  TSC_DishWashAndMixLiquidA.o [1]
resultDataTSC_HandCup   0x2001b718     0x10  Data  Lc  TSC_HandCup.o [1]
resultDataTSC_LiquidInjectA
                        0x2001b7c4      0xc  Data  Lc  TSC_LiquidInjectA.o [1]
resultDataTSC_MeasureRoom
                        0x2001b64c     0x18  Data  Lc  TSC_MeasureRoomAndLiquidB.o [1]
resultDataTSC_NeedleReagentBead
                        0x2001b728     0x10  Data  Lc  TSC_NeedleReagentAndBead.o [1]
resultDataTSC_NeedleSample
                        0x2001b738     0x10  Data  Lc  TSC_NeedleSample.o [1]
resultDataTSC_NeedleWash
                        0x2001b7dc      0xc  Data  Lc  TSC_NeedleWash.o [1]
resultDataTSC_QRCodeScan
                        0x2001a0b8    0x1a0  Data  Lc  TSC_QRScan.o [1]
resultDataTSC_RankPathWay
                        0x2001b748     0x10  Data  Lc  TSC_RankPathWay.o [1]
resultDataTSC_StackManage
                        0x2001b6b4     0x14  Data  Lc  TSC_CupStackManagement.o [1]
rxMsgCan1WhenFull       0x2001b664     0x14  Data  Lc  MCU_Can.o [1]
rxMsgCan2WhenFull       0x2001b678     0x14  Data  Lc  MCU_Can.o [1]
scalbln                 0x080394b9           Code  Gb  ldexp.o [4]
scalblnl                0x080394b9           Code  Gb  ldexp.o [4]
scalbn                  0x080394b9           Code  Gb  ldexp.o [4]
scalbnl                 0x080394b9           Code  Gb  ldexp.o [4]
scale                   0x08038633     0x46  Code  Lc  xprintffuller_nomb.o [3]
sec_hand                0x2001b8f8      0x4  Data  Lc  xfail_s.o [3]
semMCU_CAN1             0x2001b540     0x28  Data  Lc  MCU_Can.o [1]
semMCU_CAN2             0x2001b568     0x28  Data  Lc  MCU_Can.o [1]
sramCCM_Base            0x10000000   0xc800  Data  Lc  UserMemManager.o [1]
sramCCM_MapBase         0x1000c800    0xc80  Data  Lc  UserMemManager.o [1]
sramCCM_MemReady        0x2001b9a7      0x1  Data  Lc  UserMemManager.o [1]
sramIN_Base             0x20000000   0xc800  Data  Lc  UserMemManager.o [1]
sramIN_MapBase          0x20014200    0xc80  Data  Lc  UserMemManager.o [1]
sramIN_MemReady         0x2001b9a6      0x1  Data  Lc  UserMemManager.o [1]
sramIS62_Base           0x6c000000  0xf0c00  Data  Lc  UserMemManager.o [1]
sramIS62_MapBase        0x6c0f0c00   0xf0c0  Data  Lc  UserMemManager.o [1]
sramIS62_MemReady       0x2001b9a8      0x1  Data  Lc  UserMemManager.o [1]
stackBufferTaskAppTestProcess
                        0x20012200   0x2000  Data  Gb  TaskAppTestProcess.o [1]
stackBufferTaskServiceCan1Recv
                        0x2001c0ec    0x400  Data  Gb  TaskServiceCan1Recv.o [1]
stackBufferTaskServiceCan2Recv
                        0x2001c4ec    0x400  Data  Gb  TaskServiceCan2Recv.o [1]
stackBufferTaskServiceCupStack
                        0x2001c8ec    0x400  Data  Gb  TaskServiceCupStackManagement.o [1]
stackBufferTaskServiceDebug
                        0x2001ccec    0x400  Data  Gb  TaskServiceDebug.o [1]
stackBufferTaskServiceDishReactionMixReagent
                        0x2001d0ec    0x400  Data  Gb  TaskServiceDishReactionAndMixReagent.o [1]
stackBufferTaskServiceDishReagent
                        0x2001d4ec    0x400  Data  Gb  TaskServiceDishReagent.o [1]
stackBufferTaskServiceDishWashMixLiquidA
                        0x2001d8ec    0x400  Data  Gb  TaskServiceDishWashAndMixLiquidA.o [1]
stackBufferTaskServiceHandCup
                        0x2001dcec    0x400  Data  Gb  TaskServiceHandCup.o [1]
stackBufferTaskServiceHeart
                        0x2001e0ec    0x400  Data  Gb  TaskServiceHeart.o [1]
stackBufferTaskServiceLiquidAuto
                        0x2001e4ec    0x400  Data  Gb  TaskServiceLiquidAutoProc.o [1]
stackBufferTaskServiceLiquidInjectA
                        0x2001e8ec    0x400  Data  Gb  TaskServiceLiquidInjectA.o [1]
stackBufferTaskServiceMeasureRoomAndLiquidB
                        0x20016680    0x400  Data  Gb  TaskServiceMeasureRoomAndLiquidB.o [1]
stackBufferTaskServiceMixBead
                        0x20016a80    0x400  Data  Gb  TaskServiceMixBead.o [1]
stackBufferTaskServiceNeedleReagentBead
                        0x20016e80    0x400  Data  Gb  TaskServiceNeedleReagentAndBead.o [1]
stackBufferTaskServiceNeedleSample
                        0x20017280    0x400  Data  Gb  TaskServiceNeedleSample.o [1]
stackBufferTaskServiceNeedleWash
                        0x20017680    0x400  Data  Gb  TaskServiceNeedleWash.o [1]
stackBufferTaskServiceQRScan
                        0x20017a80    0x400  Data  Gb  TaskServiceQRScan.o [1]
stackBufferTaskServiceRankPathWay
                        0x20017e80    0x400  Data  Gb  TaskServiceRankPathWay.o [1]
stackBufferTaskServiceTempCtrl
                        0x20018280    0x400  Data  Gb  TaskServiceTemperatureControl.o [1]
stackBufferTaskServiceUart3RS1Recv
                        0x20018680    0x400  Data  Gb  TaskServiceUart3RS1Action.o [1]
stackBufferTaskStart    0x20018a80    0x400  Data  Gb  TaskStart.o [1]
strchr                  0x08038fd5           Code  Gb  strchr.o [5]
strlen                  0x08036289           Code  Gb  strlen.o [5]
taskServiceProcMixBeadPtrWithUartCommandArray
                        0x08052b60     0x10  Data  Lc  TaskServiceMixBead.o [1]
taskServiceProcMixReagentPtrWithUartCommandArray
                        0x08052a50     0x10  Data  Lc  TaskServiceDishReactionAndMixReagent.o [1]
taskServiceProcNeedleReagentBeadPtrWithUartCommandArray
                        0x0804e174     0x38  Data  Lc  TaskServiceNeedleReagentAndBead.o [1]
taskServiceProcNeedleSamplePtrWithUartCommandArray
                        0x0804d90c     0x40  Data  Lc  TaskServiceNeedleSample.o [1]
taskServiceProcNeedleWashPtrWithUartCommandArray
                        0x08052bd0     0x10  Data  Lc  TaskServiceNeedleWash.o [1]
taskServiceProcPtrWithDishReactionUartCommandArray
                        0x08052e84      0xc  Data  Lc  TaskServiceDishReactionAndMixReagent.o [1]
taskServiceProcPtrWithDishReagentCan1CommandArray
                        0x080515ec     0x18  Data  Lc  TaskServiceDishReagent.o [1]
taskServiceProcPtrWithDishReagentUartCommandArray
                        0x08052e9c      0xc  Data  Lc  TaskServiceDishReagent.o [1]
taskServiceProcPtrWithDishWashUartCommandArray
                        0x08052ec0      0xc  Data  Lc  TaskServiceDishWashAndMixLiquidA.o [1]
taskServiceProcPtrWithHandCupCan1CommandArray
                        0x0804d238     0x90  Data  Lc  TaskServiceHandCup.o [1]
taskServiceProcPtrWithHandCupUartCommandArray
                        0x0804d87c     0x48  Data  Lc  TaskServiceHandCup.o [1]
taskServiceProcPtrWithLiquidInjectACan1CommandArray
                        0x08051694     0x18  Data  Lc  TaskServiceLiquidInjectA.o [1]
taskServiceProcPtrWithLiquidInjectAUartCommandArray
                        0x08052ef0      0xc  Data  Lc  TaskServiceLiquidInjectA.o [1]
taskServiceProcPtrWithMeasureRoomCan1CommandArray
                        0x0804d580     0x70  Data  Lc  TaskServiceMeasureRoomAndLiquidB.o [1]
taskServiceProcPtrWithMeasuringRoomUpDoorUartCommandArray
                        0x0804fe98     0x20  Data  Lc  TaskServiceMeasureRoomAndLiquidB.o [1]
taskServiceProcPtrWithMeasuringWindowUartCommandArray
                        0x080516ac     0x18  Data  Lc  TaskServiceMeasureRoomAndLiquidB.o [1]
taskServiceProcPtrWithMixBeadCan1CommandArray
                        0x0804fed8     0x20  Data  Lc  TaskServiceMixBead.o [1]
taskServiceProcPtrWithMixLiquidAUartCommandArray
                        0x08052ad0     0x10  Data  Lc  TaskServiceDishWashAndMixLiquidA.o [1]
taskServiceProcPtrWithMixReagentCan1CommandArray
                        0x0804e0cc     0x38  Data  Lc  TaskServiceDishReactionAndMixReagent.o [1]
taskServiceProcPtrWithNeedleReagentBeadCan1CommandArray
                        0x0804d65c     0x68  Data  Lc  TaskServiceNeedleReagentAndBead.o [1]
taskServiceProcPtrWithNeedleWashCan1CommandArray
                        0x080517fc     0x18  Data  Lc  TaskServiceNeedleWash.o [1]
taskServiceProcPtrWithRankPathwayCan1CommandArray
                        0x08051874     0x18  Data  Lc  TaskServiceRankPathWay.o [1]
taskServiceProcPtrWithUartCommandArray
                        0x0804e390     0x30  Data  Lc  TaskServiceCupStackManagement.o [1]
taskServiceProcRankPathWayPtrWithUartCommandArray
                        0x08052f74      0xc  Data  Lc  TaskServiceRankPathWay.o [1]
tcbTaskAppTestProcess   0x2001a808     0xc0  Data  Gb  TaskAppTestProcess.o [1]
tcbTaskServiceCan1Recv  0x2001a8c8     0xc0  Data  Gb  TaskServiceCan1Recv.o [1]
tcbTaskServiceCan2Recv  0x2001a988     0xc0  Data  Gb  TaskServiceCan2Recv.o [1]
tcbTaskServiceCupStackManagement
                        0x2001aa48     0xc0  Data  Gb  TaskServiceCupStackManagement.o [1]
tcbTaskServiceDebug     0x2001ab08     0xc0  Data  Gb  TaskServiceDebug.o [1]
tcbTaskServiceDishReactionMixReagent
                        0x2001abc8     0xc0  Data  Gb  TaskServiceDishReactionAndMixReagent.o [1]
tcbTaskServiceDishReagent
                        0x2001ac88     0xc0  Data  Gb  TaskServiceDishReagent.o [1]
tcbTaskServiceDishWashMixLiquidA
                        0x2001ad48     0xc0  Data  Gb  TaskServiceDishWashAndMixLiquidA.o [1]
tcbTaskServiceHandCup   0x2001ecec     0xc0  Data  Gb  TaskServiceHandCup.o [1]
tcbTaskServiceHeart     0x2001edac     0xc0  Data  Gb  TaskServiceHeart.o [1]
tcbTaskServiceLiquidAuto
                        0x2001ee6c     0xc0  Data  Gb  TaskServiceLiquidAutoProc.o [1]
tcbTaskServiceLiquidInjectA
                        0x2001ef2c     0xc0  Data  Gb  TaskServiceLiquidInjectA.o [1]
tcbTaskServiceMeasureRoomAndLiquidB
                        0x2001efec     0xc0  Data  Gb  TaskServiceMeasureRoomAndLiquidB.o [1]
tcbTaskServiceMixBead   0x2001f0ac     0xc0  Data  Gb  TaskServiceMixBead.o [1]
tcbTaskServiceNeedleReagentBead
                        0x2001f16c     0xc0  Data  Gb  TaskServiceNeedleReagentAndBead.o [1]
tcbTaskServiceNeedleSample
                        0x2001f22c     0xc0  Data  Gb  TaskServiceNeedleSample.o [1]
tcbTaskServiceNeedleWash
                        0x2001f2ec     0xc0  Data  Gb  TaskServiceNeedleWash.o [1]
tcbTaskServiceQRScan    0x2001f3ac     0xc0  Data  Gb  TaskServiceQRScan.o [1]
tcbTaskServiceRankPathWay
                        0x2001f46c     0xc0  Data  Gb  TaskServiceRankPathWay.o [1]
tcbTaskServiceTempCtrl  0x2001f52c     0xc0  Data  Gb  TaskServiceTemperatureControl.o [1]
tcbTaskServiceUart3RS1Recv
                        0x2001f5ec     0xc0  Data  Gb  TaskServiceUart3RS1Action.o [1]
tcbTaskStart            0x2001f6ac     0xc0  Data  Gb  TaskStart.o [1]
testmode                0x2001b9a5      0x1  Data  Lc  TSC_TestMode.o [1]
uart1RecvFuncPtr        0x2001b824      0x4  Data  Lc  MCU_Uart1.o [1]
uart2RecvFuncPtr        0x2001b828      0x4  Data  Lc  MCU_Uart2.o [1]
uart3RS1DispatchArray   0x0804d008     0xc0  Data  Lc  TaskServiceUart3RS1Action.o [1]
uart3RecvFuncPtr        0x2001b82c      0x4  Data  Lc  MCU_Uart3.o [1]
uart6RecvFuncPtr        0x2001b830      0x4  Data  Lc  MCU_Uart6.o [1]
utilServiceMsgPtr       0x2001b8ac      0x4  Data  Lc  SystemMsg.o [1]
utilServiceReagentPtr   0x2001b8b0      0x4  Data  Lc  SystemMsg.o [1]
vsnprintf               0x080362c1     0x3c  Code  Gb  vsnprint.o [3]
wwdgCallBack            0x2001b834      0x4  Data  Lc  MCU_WDG.o [1]


[1] = D:\LH01\DeviceMainControlBoard_V2.0\Code\Project\ProjectFiles\Release\Obj
[2] = command line
[3] = dl7M_tlf.a
[4] = m7M_tls.a
[5] = rt7M_tl.a

    182 570 bytes of readonly  code memory
     27 006 bytes of readonly  data memory
  1 237 842 bytes of readwrite data memory

Errors: none
Warnings: none
